Component: ARM Compiler 5.06 update 7 (build 960) Tool: armlink [4d3601]

==============================================================================

Section Cross References

    startup_stm32f103xe.o(RESET) refers to startup_stm32f103xe.o(STACK) for __initial_sp
    startup_stm32f103xe.o(RESET) refers to startup_stm32f103xe.o(.text) for Reset_Handler
    startup_stm32f103xe.o(RESET) refers to stm32f1xx_it.o(i.NMI_Handler) for NMI_Handler
    startup_stm32f103xe.o(RESET) refers to stm32f1xx_it.o(i.HardFault_Handler) for HardFault_Handler
    startup_stm32f103xe.o(RESET) refers to stm32f1xx_it.o(i.MemManage_Handler) for MemManage_Handler
    startup_stm32f103xe.o(RESET) refers to stm32f1xx_it.o(i.BusFault_Handler) for BusFault_Handler
    startup_stm32f103xe.o(RESET) refers to stm32f1xx_it.o(i.UsageFault_Handler) for UsageFault_Handler
    startup_stm32f103xe.o(RESET) refers to stm32f1xx_it.o(i.SVC_Handler) for SVC_Handler
    startup_stm32f103xe.o(RESET) refers to stm32f1xx_it.o(i.DebugMon_Handler) for DebugMon_Handler
    startup_stm32f103xe.o(RESET) refers to stm32f1xx_it.o(i.PendSV_Handler) for PendSV_Handler
    startup_stm32f103xe.o(RESET) refers to stm32f1xx_it.o(i.SysTick_Handler) for SysTick_Handler
    startup_stm32f103xe.o(.text) refers to system_stm32f1xx.o(i.SystemInit) for SystemInit
    startup_stm32f103xe.o(.text) refers to entry.o(.ARM.Collect$$$$00000000) for __main
    main.o(i.SystemClock_Config) refers to memseta.o(.text) for __aeabi_memclr4
    main.o(i.SystemClock_Config) refers to stm32f1xx_hal_rcc.o(i.HAL_RCC_OscConfig) for HAL_RCC_OscConfig
    main.o(i.SystemClock_Config) refers to stm32f1xx_hal_rcc.o(i.HAL_RCC_ClockConfig) for HAL_RCC_ClockConfig
    main.o(i.main) refers to stm32f1xx_hal.o(i.HAL_Init) for HAL_Init
    main.o(i.main) refers to mpu6050.o(i.MPU_Init) for MPU_Init
    main.o(i.main) refers to main.o(i.SystemClock_Config) for SystemClock_Config
    main.o(i.main) refers to gpio.o(i.MX_GPIO_Init) for MX_GPIO_Init
    main.o(i.main) refers to stm32f1xx_hal_gpio.o(i.HAL_GPIO_WritePin) for HAL_GPIO_WritePin
    main.o(i.main) refers to inv_mpu.o(i.mpu_dmp_init) for mpu_dmp_init
    main.o(i.main) refers to inv_mpu.o(i.mpu_dmp_get_data) for mpu_dmp_get_data
    gpio.o(i.MX_GPIO_Init) refers to stm32f1xx_hal_gpio.o(i.HAL_GPIO_WritePin) for HAL_GPIO_WritePin
    gpio.o(i.MX_GPIO_Init) refers to stm32f1xx_hal_gpio.o(i.HAL_GPIO_Init) for HAL_GPIO_Init
    stm32f1xx_it.o(i.SysTick_Handler) refers to stm32f1xx_hal.o(i.HAL_IncTick) for HAL_IncTick
    stm32f1xx_hal.o(i.HAL_DeInit) refers to stm32f1xx_hal.o(i.HAL_MspDeInit) for HAL_MspDeInit
    stm32f1xx_hal.o(i.HAL_Delay) refers to stm32f1xx_hal.o(i.HAL_GetTick) for HAL_GetTick
    stm32f1xx_hal.o(i.HAL_Delay) refers to stm32f1xx_hal.o(.data) for .data
    stm32f1xx_hal.o(i.HAL_GetTick) refers to stm32f1xx_hal.o(.data) for .data
    stm32f1xx_hal.o(i.HAL_GetTickFreq) refers to stm32f1xx_hal.o(.data) for .data
    stm32f1xx_hal.o(i.HAL_GetTickPrio) refers to stm32f1xx_hal.o(.data) for .data
    stm32f1xx_hal.o(i.HAL_IncTick) refers to stm32f1xx_hal.o(.data) for .data
    stm32f1xx_hal.o(i.HAL_Init) refers to stm32f1xx_hal_cortex.o(i.HAL_NVIC_SetPriorityGrouping) for HAL_NVIC_SetPriorityGrouping
    stm32f1xx_hal.o(i.HAL_Init) refers to stm32f1xx_hal.o(i.HAL_InitTick) for HAL_InitTick
    stm32f1xx_hal.o(i.HAL_Init) refers to stm32f1xx_hal_msp.o(i.HAL_MspInit) for HAL_MspInit
    stm32f1xx_hal.o(i.HAL_InitTick) refers to stm32f1xx_hal_cortex.o(i.HAL_SYSTICK_Config) for HAL_SYSTICK_Config
    stm32f1xx_hal.o(i.HAL_InitTick) refers to stm32f1xx_hal_cortex.o(i.HAL_NVIC_SetPriority) for HAL_NVIC_SetPriority
    stm32f1xx_hal.o(i.HAL_InitTick) refers to stm32f1xx_hal.o(.data) for .data
    stm32f1xx_hal.o(i.HAL_InitTick) refers to system_stm32f1xx.o(.data) for SystemCoreClock
    stm32f1xx_hal.o(i.HAL_SetTickFreq) refers to stm32f1xx_hal.o(i.HAL_InitTick) for HAL_InitTick
    stm32f1xx_hal.o(i.HAL_SetTickFreq) refers to stm32f1xx_hal.o(.data) for .data
    stm32f1xx_hal_rcc.o(i.HAL_RCC_ClockConfig) refers to stm32f1xx_hal.o(i.HAL_GetTick) for HAL_GetTick
    stm32f1xx_hal_rcc.o(i.HAL_RCC_ClockConfig) refers to stm32f1xx_hal_rcc.o(i.HAL_RCC_GetSysClockFreq) for HAL_RCC_GetSysClockFreq
    stm32f1xx_hal_rcc.o(i.HAL_RCC_ClockConfig) refers to stm32f1xx_hal.o(i.HAL_InitTick) for HAL_InitTick
    stm32f1xx_hal_rcc.o(i.HAL_RCC_ClockConfig) refers to system_stm32f1xx.o(.constdata) for AHBPrescTable
    stm32f1xx_hal_rcc.o(i.HAL_RCC_ClockConfig) refers to system_stm32f1xx.o(.data) for SystemCoreClock
    stm32f1xx_hal_rcc.o(i.HAL_RCC_ClockConfig) refers to stm32f1xx_hal.o(.data) for uwTickPrio
    stm32f1xx_hal_rcc.o(i.HAL_RCC_DeInit) refers to stm32f1xx_hal.o(i.HAL_GetTick) for HAL_GetTick
    stm32f1xx_hal_rcc.o(i.HAL_RCC_DeInit) refers to stm32f1xx_hal.o(i.HAL_InitTick) for HAL_InitTick
    stm32f1xx_hal_rcc.o(i.HAL_RCC_DeInit) refers to system_stm32f1xx.o(.data) for SystemCoreClock
[...]
    Removing stm32f1xx_hal_exti.o(.rev16_text), (4 bytes).
    Removing stm32f1xx_hal_exti.o(.revsh_text), (4 bytes).
    Removing stm32f1xx_hal_exti.o(.rrx_text), (6 bytes).
    Removing stm32f1xx_hal_exti.o(i.HAL_EXTI_ClearConfigLine), (104 bytes).
    Removing stm32f1xx_hal_exti.o(i.HAL_EXTI_ClearPending), (20 bytes).
    Removing stm32f1xx_hal_exti.o(i.HAL_EXTI_GenerateSWI), (20 bytes).
    Removing stm32f1xx_hal_exti.o(i.HAL_EXTI_GetConfigLine), (152 bytes).
    Removing stm32f1xx_hal_exti.o(i.HAL_EXTI_GetHandle), (12 bytes).
    Removing stm32f1xx_hal_exti.o(i.HAL_EXTI_GetPending), (24 bytes).
    Removing stm32f1xx_hal_exti.o(i.HAL_EXTI_IRQHandler), (36 bytes).
    Removing stm32f1xx_hal_exti.o(i.HAL_EXTI_RegisterCallback), (14 bytes).
    Removing stm32f1xx_hal_exti.o(i.HAL_EXTI_SetConfigLine), (164 bytes).
    Removing system_stm32f1xx.o(.rev16_text), (4 bytes).
    Removing system_stm32f1xx.o(.revsh_text), (4 bytes).
    Removing system_stm32f1xx.o(.rrx_text), (6 bytes).
    Removing system_stm32f1xx.o(i.SystemCoreClockUpdate), (104 bytes).
    Removing system_stm32f1xx.o(.constdata), (8 bytes).
    Removing myiic.o(.rev16_text), (4 bytes).
    Removing myiic.o(.revsh_text), (4 bytes).
    Removing myiic.o(.rrx_text), (6 bytes).
    Removing mpu6050.o(.rev16_text), (4 bytes).
    Removing mpu6050.o(.revsh_text), (4 bytes).
    Removing mpu6050.o(.rrx_text), (6 bytes).
    Removing mpu6050.o(i.MPU_Get_Accelerometer), (50 bytes).
    Removing mpu6050.o(i.MPU_Get_Gyroscope), (50 bytes).
    Removing mpu6050.o(i.MPU_Get_Temperature), (76 bytes).
    Removing inv_mpu.o(.rev16_text), (4 bytes).
    Removing inv_mpu.o(.revsh_text), (4 bytes).
    Removing inv_mpu.o(.rrx_text), (6 bytes).
    Removing inv_mpu.o(i.mpu_get_accel_reg), (72 bytes).
    Removing inv_mpu.o(i.mpu_get_compass_fsr), (6 bytes).
    Removing inv_mpu.o(i.mpu_get_compass_reg), (6 bytes).
    Removing inv_mpu.o(i.mpu_get_compass_sample_rate), (8 bytes).
    Removing inv_mpu.o(i.mpu_get_dmp_state), (16 bytes).
    Removing inv_mpu.o(i.mpu_get_fifo_config), (16 bytes).
    Removing inv_mpu.o(i.mpu_get_gyro_reg), (72 bytes).
    Removing inv_mpu.o(i.mpu_get_int_status), (52 bytes).
    Removing inv_mpu.o(i.mpu_get_power_state), (20 bytes).
    Removing inv_mpu.o(i.mpu_get_temperature), (112 bytes).
    Removing inv_mpu.o(i.mpu_lp_motion_interrupt), (432 bytes).
    Removing inv_mpu.o(i.mpu_read_fifo), (340 bytes).
    Removing inv_mpu.o(i.mpu_read_reg), (56 bytes).
    Removing inv_mpu.o(i.mpu_reg_dump), (92 bytes).
    Removing inv_mpu.o(i.mpu_set_accel_bias), (220 bytes).
    Removing inv_mpu.o(i.mpu_set_compass_sample_rate), (6 bytes).
    Removing inv_mpu.o(i.mpu_set_int_level), (16 bytes).
    Removing inv_mpu.o(i.setup_compass), (6 bytes).
    Removing inv_mpu_dmp_motion_driver.o(.rev16_text), (4 bytes).
    Removing inv_mpu_dmp_motion_driver.o(.revsh_text), (4 bytes).
    Removing inv_mpu_dmp_motion_driver.o(.rrx_text), (6 bytes).
    Removing inv_mpu_dmp_motion_driver.o(i.dmp_get_enabled_features), (16 bytes).
    Removing inv_mpu_dmp_motion_driver.o(i.dmp_get_fifo_rate), (16 bytes).
    Removing inv_mpu_dmp_motion_driver.o(i.dmp_get_pedometer_step_count), (56 bytes).
    Removing inv_mpu_dmp_motion_driver.o(i.dmp_get_pedometer_walk_time), (62 bytes).
    Removing inv_mpu_dmp_motion_driver.o(i.dmp_register_android_orient_cb), (12 bytes).
    Removing inv_mpu_dmp_motion_driver.o(i.dmp_register_tap_cb), (12 bytes).
    Removing inv_mpu_dmp_motion_driver.o(i.dmp_set_interrupt_mode), (84 bytes).
    Removing inv_mpu_dmp_motion_driver.o(i.dmp_set_pedometer_step_count), (38 bytes).
    Removing inv_mpu_dmp_motion_driver.o(i.dmp_set_pedometer_walk_time), (44 bytes).
    Removing dflti.o(.text), (34 bytes).
    Removing dfixul.o(.text), (48 bytes).
    Removing cdrcmple.o(.text), (48 bytes).

224 unused section(s) (total 10958 bytes) removed from the image.

==============================================================================

Image Symbol Table

    Local Symbols

    Symbol Name                              Value     Ov Type        Size  Object(Section)

    ../Core/Src/gpio.c                       0x00000000   Number         0  gpio.o ABSOLUTE
    ../Core/Src/main.c                       0x00000000   Number         0  main.o ABSOLUTE
    ../Core/Src/stm32f1xx_hal_msp.c          0x00000000   Number         0  stm32f1xx_hal_msp.o ABSOLUTE
    ../Core/Src/stm32f1xx_it.c               0x00000000   Number         0  stm32f1xx_it.o ABSOLUTE
    ../Core/Src/system_stm32f1xx.c           0x00000000   Number         0  system_stm32f1xx.o ABSOLUTE
    ../Drivers/STM32F1xx_HAL_Driver/Src/stm32f1xx_hal.c 0x00000000   Number         0  stm32f1xx_hal.o ABSOLUTE
    ../Drivers/STM32F1xx_HAL_Driver/Src/stm32f1xx_hal_cortex.c 0x00000000   Number         0  stm32f1xx_hal_cortex.o ABSOLUTE
    ../Drivers/STM32F1xx_HAL_Driver/Src/stm32f1xx_hal_dma.c 0x00000000   Number         0  stm32f1xx_hal_dma.o ABSOLUTE
    ../Drivers/STM32F1xx_HAL_Driver/Src/stm32f1xx_hal_exti.c 0x00000000   Number         0  stm32f1xx_hal_exti.o ABSOLUTE
    ../Drivers/STM32F1xx_HAL_Driver/Src/stm32f1xx_hal_flash.c 0x00000000   Number         0  stm32f1xx_hal_flash.o ABSOLUTE
    ../Drivers/STM32F1xx_HAL_Driver/Src/stm32f1xx_hal_flash_ex.c 0x00000000   Number         0  stm32f1xx_hal_flash_ex.o ABSOLUTE
    ../Drivers/STM32F1xx_HAL_Driver/Src/stm32f1xx_hal_gpio.c 0x00000000   Number         0  stm32f1xx_hal_gpio.o ABSOLUTE
    ../Drivers/STM32F1xx_HAL_Driver/Src/stm32f1xx_hal_gpio_ex.c 0x00000000   Number         0  stm32f1xx_hal_gpio_ex.o ABSOLUTE
    ../Drivers/STM32F1xx_HAL_Driver/Src/stm32f1xx_hal_pwr.c 0x00000000   Number         0  stm32f1xx_hal_pwr.o ABSOLUTE
    ../Drivers/STM32F1xx_HAL_Driver/Src/stm32f1xx_hal_rcc.c 0x00000000   Number         0  stm32f1xx_hal_rcc.o ABSOLUTE
    ../Drivers/STM32F1xx_HAL_Driver/Src/stm32f1xx_hal_rcc_ex.c 0x00000000   Number         0  stm32f1xx_hal_rcc_ex.o ABSOLUTE
    ../Drivers/STM32F1xx_HAL_Driver/Src/stm32f1xx_hal_tim.c 0x00000000   Number         0  stm32f1xx_hal_tim.o ABSOLUTE
    ../Drivers/STM32F1xx_HAL_Driver/Src/stm32f1xx_hal_tim_ex.c 0x00000000   Number         0  stm32f1xx_hal_tim_ex.o ABSOLUTE
    ../clib/microlib/division.c              0x00000000   Number         0  ldiv.o ABSOLUTE
    ../clib/microlib/division.c              0x00000000   Number         0  uldiv.o ABSOLUTE
    ../clib/microlib/division.c              0x00000000   Number         0  uidiv.o ABSOLUTE
    ../clib/microlib/errno.c                 0x00000000   Number         0  errno.o ABSOLUTE
    ../clib/microlib/init/entry.s            0x00000000   Number         0  entry7a.o ABSOLUTE
    ../clib/microlib/init/entry.s            0x00000000   Number         0  entry5.o ABSOLUTE
    ../clib/microlib/init/entry.s            0x00000000   Number         0  entry9a.o ABSOLUTE
    ../clib/microlib/init/entry.s            0x00000000   Number         0  entry2.o ABSOLUTE
    ../clib/microlib/init/entry.s            0x00000000   Number         0  entry.o ABSOLUTE
    ../clib/microlib/init/entry.s            0x00000000   Number         0  entry12b.o ABSOLUTE
    ../clib/microlib/init/entry.s            0x00000000   Number         0  entry12a.o ABSOLUTE
    ../clib/microlib/init/entry.s            0x00000000   Number         0  entry11b.o ABSOLUTE
    ../clib/microlib/init/entry.s            0x00000000   Number         0  entry11a.o ABSOLUTE
    ../clib/microlib/init/entry.s            0x00000000   Number         0  entry10b.o ABSOLUTE
    ../clib/microlib/init/entry.s            0x00000000   Number         0  entry10a.o ABSOLUTE
    ../clib/microlib/init/entry.s            0x00000000   Number         0  entry9b.o ABSOLUTE
    ../clib/microlib/init/entry.s            0x00000000   Number         0  entry8b.o ABSOLUTE
    ../clib/microlib/init/entry.s            0x00000000   Number         0  entry8a.o ABSOLUTE
    ../clib/microlib/init/entry.s            0x00000000   Number         0  entry7b.o ABSOLUTE
    ../clib/microlib/longlong.c              0x00000000   Number         0  llshl.o ABSOLUTE
    ../clib/microlib/longlong.c              0x00000000   Number         0  llsshr.o ABSOLUTE
    ../clib/microlib/longlong.c              0x00000000   Number         0  llushr.o ABSOLUTE
    ../clib/microlib/printf/printf.c         0x00000000   Number         0  printf5.o ABSOLUTE
    ../clib/microlib/printf/printf.c         0x00000000   Number         0  printfa.o ABSOLUTE
    ../clib/microlib/printf/printf.c         0x00000000   Number         0  printf1.o ABSOLUTE
    ../clib/microlib/printf/printf.c         0x00000000   Number         0  printf3.o ABSOLUTE
    ../clib/microlib/printf/printf.c         0x00000000   Number         0  printf2.o ABSOLUTE
    ../clib/microlib/printf/printf.c         0x00000000   Number         0  printf8.o ABSOLUTE
    ../clib/microlib/printf/printf.c         0x00000000   Number         0  printf7.o ABSOLUTE
    ../clib/microlib/printf/printf.c         0x00000000   Number         0  printfb.o ABSOLUTE
    ../clib/microlib/printf/printf.c         0x00000000   Number         0  printf4.o ABSOLUTE
    ../clib/microlib/printf/printf.c         0x00000000   Number         0  printf6.o ABSOLUTE
    ../clib/microlib/printf/printf.c         0x00000000   Number         0  printf0.o ABSOLUTE
    ../clib/microlib/printf/stubs.s          0x00000000   Number         0  stubs.o ABSOLUTE
    ../clib/microlib/stdio/fputc.c           0x00000000   Number         0  fputc.o ABSOLUTE
    ../clib/microlib/stdio/semi.s            0x00000000   Number         0  semi.o ABSOLUTE
    ../clib/microlib/stdio/streams.c         0x00000000   Number         0  stdout.o ABSOLUTE
    ../clib/microlib/string/memcmp.c         0x00000000   Number         0  memcmp.o ABSOLUTE
    ../clib/microlib/string/memset.c         0x00000000   Number         0  memseta.o ABSOLUTE
    ../clib/microlib/stubs.s                 0x00000000   Number         0  iusesemip.o ABSOLUTE
    ../clib/microlib/stubs.s                 0x00000000   Number         0  iusefp.o ABSOLUTE
    ../fplib/microlib/d2f.c                  0x00000000   Number         0  d2f.o ABSOLUTE
    ../fplib/microlib/f2d.c                  0x00000000   Number         0  f2d.o ABSOLUTE
    ../fplib/microlib/fpadd.c                0x00000000   Number         0  fadd.o ABSOLUTE
    ../fplib/microlib/fpadd.c                0x00000000   Number         0  dadd.o ABSOLUTE
    ../fplib/microlib/fpdiv.c                0x00000000   Number         0  fdiv.o ABSOLUTE
    ../fplib/microlib/fpdiv.c                0x00000000   Number         0  ddiv.o ABSOLUTE
    ../fplib/microlib/fpepilogue.c           0x00000000   Number         0  depilogue.o ABSOLUTE
    ../fplib/microlib/fpepilogue.c           0x00000000   Number         0  fepilogue.o ABSOLUTE
    ../fplib/microlib/fpfix.c                0x00000000   Number         0  ffixui.o ABSOLUTE
    ../fplib/microlib/fpfix.c                0x00000000   Number         0  ffixi.o ABSOLUTE
    ../fplib/microlib/fpfix.c                0x00000000   Number         0  dfixul.o ABSOLUTE
    ../fplib/microlib/fpflt.c                0x00000000   Number         0  dflti.o ABSOLUTE
    ../fplib/microlib/fpflt.c                0x00000000   Number         0  ffltui.o ABSOLUTE
    ../fplib/microlib/fpflt.c                0x00000000   Number         0  fflti.o ABSOLUTE
    ../fplib/microlib/fpmul.c                0x00000000   Number         0  dmul.o ABSOLUTE
    ../fplib/microlib/fpmul.c                0x00000000   Number         0  fmul.o ABSOLUTE
    ../fplib/microlib/fpscalb.c              0x00000000   Number         0  fscalb.o ABSOLUTE
    ../fplib/microlib/fpscalb.c              0x00000000   Number         0  dscalb.o ABSOLUTE
    ../fplib/microlib/fpsqrt.c               0x00000000   Number         0  dsqrt.o ABSOLUTE
    ../mathlib/asin.c                        0x00000000   Number         0  asin_x.o ABSOLUTE
    ../mathlib/asin.c                        0x00000000   Number         0  asin.o ABSOLUTE
    ../mathlib/atan.c                        0x00000000   Number         0  atan.o ABSOLUTE
    ../mathlib/atan.c                        0x00000000   Number         0  atan_x.o ABSOLUTE
    ../mathlib/atan2.c                       0x00000000   Number         0  atan2_x.o ABSOLUTE
    ../mathlib/atan2.c                       0x00000000   Number         0  atan2.o ABSOLUTE
    ../mathlib/dunder.c                      0x00000000   Number         0  dunder.o ABSOLUTE
    ../mathlib/fpclassify.c                  0x00000000   Number         0  fpclassify.o ABSOLUTE
    ../mathlib/poly.c                        0x00000000   Number         0  poly.o ABSOLUTE
    ../mathlib/qnan.c                        0x00000000   Number         0  qnan.o ABSOLUTE
    ../mathlib/sqrt.c                        0x00000000   Number         0  sqrt.o ABSOLUTE
    ../mathlib/sqrt.c                        0x00000000   Number         0  sqrt_x.o ABSOLUTE
    ..\Core\Src\gpio.c                       0x00000000   Number         0  gpio.o ABSOLUTE
    ..\Core\Src\inv_mpu.c                    0x00000000   Number         0  inv_mpu.o ABSOLUTE
    ..\Core\Src\inv_mpu_dmp_motion_driver.c  0x00000000   Number         0  inv_mpu_dmp_motion_driver.o ABSOLUTE
    ..\Core\Src\main.c                       0x00000000   Number         0  main.o ABSOLUTE
    ..\Core\Src\mpu6050.c                    0x00000000   Number         0  mpu6050.o ABSOLUTE
    ..\Core\Src\myiic.c                      0x00000000   Number         0  myiic.o ABSOLUTE
    ..\Core\Src\stm32f1xx_hal_msp.c          0x00000000   Number         0  stm32f1xx_hal_msp.o ABSOLUTE
    ..\Core\Src\stm32f1xx_it.c               0x00000000   Number         0  stm32f1xx_it.o ABSOLUTE
    ..\Core\Src\system_stm32f1xx.c           0x00000000   Number         0  system_stm32f1xx.o ABSOLUTE
    ..\Drivers\STM32F1xx_HAL_Driver\Src\stm32f1xx_hal.c 0x00000000   Number         0  stm32f1xx_hal.o ABSOLUTE
    ..\Drivers\STM32F1xx_HAL_Driver\Src\stm32f1xx_hal_cortex.c 0x00000000   Number         0  stm32f1xx_hal_cortex.o ABSOLUTE
    ..\Drivers\STM32F1xx_HAL_Driver\Src\stm32f1xx_hal_dma.c 0x00000000   Number         0  stm32f1xx_hal_dma.o ABSOLUTE
    ..\Drivers\STM32F1xx_HAL_Driver\Src\stm32f1xx_hal_exti.c 0x00000000   Number         0  stm32f1xx_hal_exti.o ABSOLUTE
    ..\Drivers\STM32F1xx_HAL_Driver\Src\stm32f1xx_hal_flash.c 0x00000000   Number         0  stm32f1xx_hal_flash.o ABSOLUTE
    ..\Drivers\STM32F1xx_HAL_Driver\Src\stm32f1xx_hal_flash_ex.c 0x00000000   Number         0  stm32f1xx_hal_flash_ex.o ABSOLUTE
    ..\Drivers\STM32F1xx_HAL_Driver\Src\stm32f1xx_hal_gpio.c 0x00000000   Number         0  stm32f1xx_hal_gpio.o ABSOLUTE
    ..\Drivers\STM32F1xx_HAL_Driver\Src\stm32f1xx_hal_gpio_ex.c 0x00000000   Number         0  stm32f1xx_hal_gpio_ex.o ABSOLUTE
    ..\Drivers\STM32F1xx_HAL_Driver\Src\stm32f1xx_hal_pwr.c 0x00000000   Number         0  stm32f1xx_hal_pwr.o ABSOLUTE
    ..\Drivers\STM32F1xx_HAL_Driver\Src\stm32f1xx_hal_rcc.c 0x00000000   Number         0  stm32f1xx_hal_rcc.o ABSOLUTE
    ..\Drivers\STM32F1xx_HAL_Driver\Src\stm32f1xx_hal_rcc_ex.c 0x00000000   Number         0  stm32f1xx_hal_rcc_ex.o ABSOLUTE
    ..\Drivers\STM32F1xx_HAL_Driver\Src\stm32f1xx_hal_tim.c 0x00000000   Number         0  stm32f1xx_hal_tim.o ABSOLUTE
    ..\Drivers\STM32F1xx_HAL_Driver\Src\stm32f1xx_hal_tim_ex.c 0x00000000   Number         0  stm32f1xx_hal_tim_ex.o ABSOLUTE
    ..\\Core\\Src\\inv_mpu.c                 0x00000000   Number         0  inv_mpu.o ABSOLUTE
    ..\\Core\\Src\\inv_mpu_dmp_motion_driver.c 0x00000000   Number         0  inv_mpu_dmp_motion_driver.o ABSOLUTE
    ..\\Core\\Src\\mpu6050.c                 0x00000000   Number         0  mpu6050.o ABSOLUTE
    ..\\Core\\Src\\myiic.c                   0x00000000   Number         0  myiic.o ABSOLUTE
    cdcmple.s                                0x00000000   Number         0  cdcmple.o ABSOLUTE
    cdrcmple.s                               0x00000000   Number         0  cdrcmple.o ABSOLUTE
    dc.s                                     0x00000000   Number         0  dc.o ABSOLUTE
    handlers.s                               0x00000000   Number         0  handlers.o ABSOLUTE
    init.s                                   0x00000000   Number         0  init.o ABSOLUTE
    startup_stm32f103xe.s                    0x00000000   Number         0  startup_stm32f103xe.o ABSOLUTE
    RESET                                    0x08000000   Section      304  startup_stm32f103xe.o(RESET)
    .ARM.Collect$$$$00000000                 0x08000130   Section        0  entry.o(.ARM.Collect$$$$00000000)
    .ARM.Collect$$$$00000001                 0x08000130   Section        4  entry2.o(.ARM.Collect$$$$00000001)
    .ARM.Collect$$$$00000004                 0x08000134   Section        4  entry5.o(.ARM.Collect$$$$00000004)
    .ARM.Collect$$$$00000008                 0x08000138   Section        0  entry7b.o(.ARM.Collect$$$$00000008)
    .ARM.Collect$$$$0000000A                 0x08000138   Section        0  entry8b.o(.ARM.Collect$$$$0000000A)
    .ARM.Collect$$$$0000000B                 0x08000138   Section        8  entry9a.o(.ARM.Collect$$$$0000000B)
    .ARM.Collect$$$$0000000E                 0x08000140   Section        4  entry12b.o(.ARM.Collect$$$$0000000E)
    .ARM.Collect$$$$0000000F                 0x08000144   Section        0  entry10a.o(.ARM.Collect$$$$0000000F)
    .ARM.Collect$$$$00000011                 0x08000144   Section        0  entry11a.o(.ARM.Collect$$$$00000011)
    .ARM.Collect$$$$00002712                 0x08000144   Section        4  entry2.o(.ARM.Collect$$$$00002712)
    __lit__00000000                          0x08000144   Data           4  entry2.o(.ARM.Collect$$$$00002712)
    .text                                    0x08000148   Section       36  startup_stm32f103xe.o(.text)
    .text                                    0x0800016c   Section        0  ldiv.o(.text)
    .text                                    0x080001ce   Section        0  llushr.o(.text)
    .text                                    0x080001ee   Section        0  memseta.o(.text)
    .text                                    0x08000212   Section        0  memcmp.o(.text)
    .text                                    0x0800022c   Section        0  fadd.o(.text)
    .text                                    0x080002dc   Section        0  fmul.o(.text)
    .text                                    0x08000340   Section        0  fdiv.o(.text)
    .text                                    0x080003bc   Section        0  fscalb.o(.text)
    .text                                    0x080003d4   Section        0  dadd.o(.text)
    .text                                    0x08000522   Section        0  dmul.o(.text)
    .text                                    0x08000606   Section        0  ddiv.o(.text)
    .text                                    0x080006e4   Section        0  fflti.o(.text)
    .text                                    0x080006f6   Section        0  ffltui.o(.text)
    .text                                    0x08000700   Section        0  ffixi.o(.text)
    .text                                    0x08000732   Section        0  ffixui.o(.text)
    .text                                    0x0800075a   Section        0  f2d.o(.text)
    .text                                    0x08000780   Section        0  d2f.o(.text)
    .text                                    0x080007b8   Section        0  uldiv.o(.text)
    .text                                    0x0800081a   Section        0  llshl.o(.text)
    .text                                    0x08000838   Section        0  llsshr.o(.text)
    .text                                    0x0800085c   Section        0  fepilogue.o(.text)
    .text                                    0x0800085c   Section        0  iusefp.o(.text)
    .text                                    0x080008ca   Section        0  depilogue.o(.text)
    .text                                    0x08000984   Section        0  dscalb.o(.text)
    .text                                    0x080009b4   Section       48  cdcmple.o(.text)
    .text                                    0x080009e4   Section       36  init.o(.text)
    .text                                    0x08000a08   Section        0  semi.o(.text)
    .text                                    0x08000a08   Section        0  iusesemip.o(.text)
    .text                                    0x08000a08   Section        0  dsqrt.o(.text)
    i.BusFault_Handler                       0x08000aaa   Section        0  stm32f1xx_it.o(i.BusFault_Handler)
    i.DebugMon_Handler                       0x08000aac   Section        0  stm32f1xx_it.o(i.DebugMon_Handler)
    i.HAL_Delay                              0x08000ab0   Section        0  stm32f1xx_hal.o(i.HAL_Delay)
    i.HAL_GPIO_Init                          0x08000ad4   Section        0  stm32f1xx_hal_gpio.o(i.HAL_GPIO_Init)
    i.HAL_GPIO_ReadPin                       0x08000ccc   Section        0  stm32f1xx_hal_gpio.o(i.HAL_GPIO_ReadPin)
    i.HAL_GPIO_WritePin                      0x08000cd6   Section        0  stm32f1xx_hal_gpio.o(i.HAL_GPIO_WritePin)
    i.HAL_GetTick                            0x08000ce0   Section        0  stm32f1xx_hal.o(i.HAL_GetTick)
    i.HAL_IncTick                            0x08000cec   Section        0  stm32f1xx_hal.o(i.HAL_IncTick)
    i.HAL_Init                               0x08000cfc   Section        0  stm32f1xx_hal.o(i.HAL_Init)
    i.HAL_InitTick                           0x08000d20   Section        0  stm32f1xx_hal.o(i.HAL_InitTick)
    i.HAL_MspInit                            0x08000d60   Section        0  stm32f1xx_hal_msp.o(i.HAL_MspInit)
    i.HAL_NVIC_SetPriority                   0x08000d9c   Section        0  stm32f1xx_hal_cortex.o(i.HAL_NVIC_SetPriority)
    i.HAL_NVIC_SetPriorityGrouping           0x08000ddc   Section        0  stm32f1xx_hal_cortex.o(i.HAL_NVIC_SetPriorityGrouping)
    i.HAL_RCC_ClockConfig                    0x08000e00   Section        0  stm32f1xx_hal_rcc.o(i.HAL_RCC_ClockConfig)
    i.HAL_RCC_GetSysClockFreq                0x08000f2c   Section        0  stm32f1xx_hal_rcc.o(i.HAL_RCC_GetSysClockFreq)
    i.HAL_RCC_OscConfig                      0x08000f98   Section        0  stm32f1xx_hal_rcc.o(i.HAL_RCC_OscConfig)
    i.HAL_SYSTICK_Config                     0x080012b8   Section        0  stm32f1xx_hal_cortex.o(i.HAL_SYSTICK_Config)
    i.HardFault_Handler                      0x080012e0   Section        0  stm32f1xx_it.o(i.HardFault_Handler)
    i.IIC_Ack                                0x080012e4   Section        0  myiic.o(i.IIC_Ack)
    i.IIC_Init                               0x08001338   Section        0  myiic.o(i.IIC_Init)
    i.IIC_NAck                               0x0800133c   Section        0  myiic.o(i.IIC_NAck)
    i.IIC_Read_Byte                          0x08001390   Section        0  myiic.o(i.IIC_Read_Byte)
    i.IIC_Send_Byte                          0x08001404   Section        0  myiic.o(i.IIC_Send_Byte)
    i.IIC_Start                              0x08001478   Section        0  myiic.o(i.IIC_Start)
    i.IIC_Stop                               0x080014cc   Section        0  myiic.o(i.IIC_Stop)
    i.IIC_Wait_Ack                           0x08001520   Section        0  myiic.o(i.IIC_Wait_Ack)
    i.MPU_IIC_Delay                          0x0800158c   Section        0  myiic.o(i.MPU_IIC_Delay)
    i.MPU_Init                               0x0800159a   Section        0  mpu6050.o(i.MPU_Init)
    i.MPU_Read_Byte                          0x08001610   Section        0  mpu6050.o(i.MPU_Read_Byte)
    i.MPU_Read_Len                           0x0800164c   Section        0  mpu6050.o(i.MPU_Read_Len)
    i.MPU_Set_Accel_Fsr                      0x080016b8   Section        0  mpu6050.o(i.MPU_Set_Accel_Fsr)
    i.MPU_Set_Gyro_Fsr                       0x080016c2   Section        0  mpu6050.o(i.MPU_Set_Gyro_Fsr)
    i.MPU_Set_LPF                            0x080016cc   Section        0  mpu6050.o(i.MPU_Set_LPF)
    i.MPU_Set_Rate                           0x080016fc   Section        0  mpu6050.o(i.MPU_Set_Rate)
    i.MPU_Write_Byte                         0x0800172a   Section        0  mpu6050.o(i.MPU_Write_Byte)
    i.MPU_Write_Len                          0x08001766   Section        0  mpu6050.o(i.MPU_Write_Len)
    i.MX_GPIO_Init                           0x080017b8   Section        0  gpio.o(i.MX_GPIO_Init)
    i.MemManage_Handler                      0x0800182c   Section        0  stm32f1xx_it.o(i.MemManage_Handler)
    i.NMI_Handler                            0x0800182e   Section        0  stm32f1xx_it.o(i.NMI_Handler)
    i.PendSV_Handler                         0x08001830   Section        0  stm32f1xx_it.o(i.PendSV_Handler)
    i.SVC_Handler                            0x08001832   Section        0  stm32f1xx_it.o(i.SVC_Handler)
    i.SysTick_Handler                        0x08001834   Section        0  stm32f1xx_it.o(i.SysTick_Handler)
    i.SystemClock_Config                     0x08001838   Section        0  main.o(i.SystemClock_Config)
    i.SystemInit                             0x08001886   Section        0  system_stm32f1xx.o(i.SystemInit)
    i.UsageFault_Handler                     0x08001888   Section        0  stm32f1xx_it.o(i.UsageFault_Handler)
    i.__0printf$8                            0x0800188c   Section        0  printf8.o(i.__0printf$8)
    i.__ARM_fpclassify                       0x080018ac   Section        0  fpclassify.o(i.__ARM_fpclassify)
    i.__NVIC_SetPriority                     0x080018d4   Section        0  stm32f1xx_hal_cortex.o(i.__NVIC_SetPriority)
    __NVIC_SetPriority                       0x080018d5   Thumb Code    32  stm32f1xx_hal_cortex.o(i.__NVIC_SetPriority)
    i.__kernel_poly                          0x080018f4   Section        0  poly.o(i.__kernel_poly)
    i.__mathlib_dbl_infnan                   0x0800199e   Section        0  dunder.o(i.__mathlib_dbl_infnan)
    i.__mathlib_dbl_infnan2                  0x080019a4   Section        0  dunder.o(i.__mathlib_dbl_infnan2)
    i.__mathlib_dbl_invalid                  0x080019a8   Section        0  dunder.o(i.__mathlib_dbl_invalid)
    i.__mathlib_dbl_underflow                0x080019b4   Section        0  dunder.o(i.__mathlib_dbl_underflow)
    i.__scatterload_copy                     0x080019c4   Section       14  handlers.o(i.__scatterload_copy)
    i.__scatterload_null                     0x080019d2   Section        2  handlers.o(i.__scatterload_null)
    i.__scatterload_zeroinit                 0x080019d4   Section       14  handlers.o(i.__scatterload_zeroinit)
    i.__set_errno                            0x080019e4   Section        0  errno.o(i.__set_errno)
    i._printf_core                           0x080019f0   Section        0  printf8.o(i._printf_core)
    _printf_core                             0x080019f1   Thumb Code   984  printf8.o(i._printf_core)
    i._printf_post_padding                   0x08001df4   Section        0  printf8.o(i._printf_post_padding)
    _printf_post_padding                     0x08001df5   Thumb Code    36  printf8.o(i._printf_post_padding)
    i._printf_pre_padding                    0x08001e18   Section        0  printf8.o(i._printf_pre_padding)
    _printf_pre_padding                      0x08001e19   Thumb Code    46  printf8.o(i._printf_pre_padding)
    i.accel_self_test                        0x08001e48   Section        0  inv_mpu.o(i.accel_self_test)
    accel_self_test                          0x08001e49   Thumb Code   114  inv_mpu.o(i.accel_self_test)
    i.asin                                   0x08001ec8   Section        0  asin.o(i.asin)
    i.atan                                   0x08002138   Section        0  atan.o(i.atan)
    i.atan2                                  0x08002358   Section        0  atan2.o(i.atan2)
    i.dmp_enable_6x_lp_quat                  0x080024f4   Section        0  inv_mpu_dmp_motion_driver.o(i.dmp_enable_6x_lp_quat)
    i.dmp_enable_feature                     0x08002530   Section        0  inv_mpu_dmp_motion_driver.o(i.dmp_enable_feature)
    i.dmp_enable_gyro_cal                    0x08002708   Section        0  inv_mpu_dmp_motion_driver.o(i.dmp_enable_gyro_cal)
    i.dmp_enable_lp_quat                     0x08002744   Section        0  inv_mpu_dmp_motion_driver.o(i.dmp_enable_lp_quat)
    i.dmp_load_motion_driver_firmware        0x08002780   Section        0  inv_mpu_dmp_motion_driver.o(i.dmp_load_motion_driver_firmware)
    i.dmp_read_fifo                          0x08002794   Section        0  inv_mpu_dmp_motion_driver.o(i.dmp_read_fifo)
    i.dmp_set_accel_bias                     0x080028f8   Section        0  inv_mpu_dmp_motion_driver.o(i.dmp_set_accel_bias)
    i.dmp_set_fifo_rate                      0x080029d0   Section        0  inv_mpu_dmp_motion_driver.o(i.dmp_set_fifo_rate)
    i.dmp_set_gyro_bias                      0x08002a34   Section        0  inv_mpu_dmp_motion_driver.o(i.dmp_set_gyro_bias)
    i.dmp_set_orientation                    0x08002b00   Section        0  inv_mpu_dmp_motion_driver.o(i.dmp_set_orientation)
    i.dmp_set_shake_reject_thresh            0x08002c0c   Section        0  inv_mpu_dmp_motion_driver.o(i.dmp_set_shake_reject_thresh)
    i.dmp_set_shake_reject_time              0x08002c3c   Section        0  inv_mpu_dmp_motion_driver.o(i.dmp_set_shake_reject_time)
    i.dmp_set_shake_reject_timeout           0x08002c5c   Section        0  inv_mpu_dmp_motion_driver.o(i.dmp_set_shake_reject_timeout)
    i.dmp_set_tap_axes                       0x08002c7c   Section        0  inv_mpu_dmp_motion_driver.o(i.dmp_set_tap_axes)
    i.dmp_set_tap_count                      0x08002cbc   Section        0  inv_mpu_dmp_motion_driver.o(i.dmp_set_tap_count)
    i.dmp_set_tap_thresh                     0x08002ce0   Section        0  inv_mpu_dmp_motion_driver.o(i.dmp_set_tap_thresh)
    i.dmp_set_tap_time                       0x08002e08   Section        0  inv_mpu_dmp_motion_driver.o(i.dmp_set_tap_time)
    i.dmp_set_tap_time_multi                 0x08002e28   Section        0  inv_mpu_dmp_motion_driver.o(i.dmp_set_tap_time_multi)
    i.fputc                                  0x08002e48   Section        0  fputc.o(i.fputc)
    i.get_accel_prod_shift                   0x08002e5c   Section        0  inv_mpu.o(i.get_accel_prod_shift)
    get_accel_prod_shift                     0x08002e5d   Thumb Code   158  inv_mpu.o(i.get_accel_prod_shift)
    i.get_st_biases                          0x08002f08   Section        0  inv_mpu.o(i.get_st_biases)
    get_st_biases                            0x08002f09   Thumb Code   784  inv_mpu.o(i.get_st_biases)
    i.gyro_self_test                         0x0800321c   Section        0  inv_mpu.o(i.gyro_self_test)
    gyro_self_test                           0x0800321d   Thumb Code   190  inv_mpu.o(i.gyro_self_test)
    i.inv_orientation_matrix_to_scalar       0x080032f0   Section        0  inv_mpu.o(i.inv_orientation_matrix_to_scalar)
    i.inv_row_2_scale                        0x08003312   Section        0  inv_mpu.o(i.inv_row_2_scale)
    i.main                                   0x0800335c   Section        0  main.o(i.main)
    i.mget_ms                                0x080033a0   Section        0  inv_mpu.o(i.mget_ms)
    i.mpu_configure_fifo                     0x080033a4   Section        0  inv_mpu.o(i.mpu_configure_fifo)
    i.mpu_dmp_get_data                       0x080033f8   Section        0  inv_mpu.o(i.mpu_dmp_get_data)
    i.mpu_dmp_init                           0x08003594   Section        0  inv_mpu.o(i.mpu_dmp_init)
    i.mpu_get_accel_fsr                      0x08003638   Section        0  inv_mpu.o(i.mpu_get_accel_fsr)
    i.mpu_get_accel_sens                     0x08003674   Section        0  inv_mpu.o(i.mpu_get_accel_sens)
    i.mpu_get_gyro_fsr                       0x080036b8   Section        0  inv_mpu.o(i.mpu_get_gyro_fsr)
    i.mpu_get_gyro_sens                      0x080036ec   Section        0  inv_mpu.o(i.mpu_get_gyro_sens)
    i.mpu_get_lpf                            0x0800372c   Section        0  inv_mpu.o(i.mpu_get_lpf)
    i.mpu_get_sample_rate                    0x08003764   Section        0  inv_mpu.o(i.mpu_get_sample_rate)
    i.mpu_init                               0x08003780   Section        0  inv_mpu.o(i.mpu_init)
    i.mpu_load_firmware                      0x08003908   Section        0  inv_mpu.o(i.mpu_load_firmware)
    i.mpu_lp_accel_mode                      0x080039a8   Section        0  inv_mpu.o(i.mpu_lp_accel_mode)
    i.mpu_read_fifo_stream                   0x08003a60   Section        0  inv_mpu.o(i.mpu_read_fifo_stream)
    i.mpu_read_mem                           0x08003af0   Section        0  inv_mpu.o(i.mpu_read_mem)
    i.mpu_reset_fifo                         0x08003b44   Section        0  inv_mpu.o(i.mpu_reset_fifo)
    i.mpu_run_self_test                      0x08003ca4   Section        0  inv_mpu.o(i.mpu_run_self_test)
    i.mpu_set_accel_fsr                      0x08003d94   Section        0  inv_mpu.o(i.mpu_set_accel_fsr)
    i.mpu_set_bypass                         0x08003dfc   Section        0  inv_mpu.o(i.mpu_set_bypass)
    i.mpu_set_dmp_state                      0x08003ed8   Section        0  inv_mpu.o(i.mpu_set_dmp_state)
    i.mpu_set_gyro_fsr                       0x08003f50   Section        0  inv_mpu.o(i.mpu_set_gyro_fsr)
    i.mpu_set_int_latched                    0x08003fbc   Section        0  inv_mpu.o(i.mpu_set_int_latched)
    i.mpu_set_lpf                            0x08004020   Section        0  inv_mpu.o(i.mpu_set_lpf)
    i.mpu_set_sample_rate                    0x0800408c   Section        0  inv_mpu.o(i.mpu_set_sample_rate)
    i.mpu_set_sensors                        0x0800410c   Section        0  inv_mpu.o(i.mpu_set_sensors)
    i.mpu_write_mem                          0x080041c4   Section        0  inv_mpu.o(i.mpu_write_mem)
    i.run_self_test                          0x08004218   Section        0  inv_mpu.o(i.run_self_test)
    i.set_int_enable                         0x08004298   Section        0  inv_mpu.o(i.set_int_enable)
    set_int_enable                           0x08004299   Thumb Code    84  inv_mpu.o(i.set_int_enable)
    i.sqrt                                   0x080042f0   Section        0  sqrt.o(i.sqrt)
    .constdata                               0x0800433c   Section       16  system_stm32f1xx.o(.constdata)
    .constdata                               0x0800434c   Section       27  inv_mpu.o(.constdata)
    .constdata                               0x08004368   Section       12  inv_mpu.o(.constdata)
    .constdata                               0x08004374   Section       40  inv_mpu.o(.constdata)
    .constdata                               0x0800439c   Section     3062  inv_mpu_dmp_motion_driver.o(.constdata)
    dmp_memory                               0x0800439c   Data        3062  inv_mpu_dmp_motion_driver.o(.constdata)
    .constdata                               0x08004f98   Section       80  asin.o(.constdata)
    pS                                       0x08004f98   Data          48  asin.o(.constdata)
    qS                                       0x08004fc8   Data          32  asin.o(.constdata)
    .constdata                               0x08004fe8   Section      152  atan.o(.constdata)
    atanhi                                   0x08004fe8   Data          32  atan.o(.constdata)
    atanlo                                   0x08005008   Data          32  atan.o(.constdata)
    aTodd                                    0x08005028   Data          40  atan.o(.constdata)
    aTeven                                   0x08005050   Data          48  atan.o(.constdata)
    .constdata                               0x08005080   Section        8  qnan.o(.constdata)
    .conststring                             0x08005088   Section       77  inv_mpu.o(.conststring)
    .data                                    0x20000000   Section       12  stm32f1xx_hal.o(.data)
    .data                                    0x2000000c   Section        4  system_stm32f1xx.o(.data)
    .data                                    0x20000010   Section       53  inv_mpu.o(.data)
    st                                       0x20000010   Data          44  inv_mpu.o(.data)
    gyro_orientation                         0x2000003c   Data           9  inv_mpu.o(.data)
    .data                                    0x20000048   Section        4  stdout.o(.data)
    .data                                    0x2000004c   Section        4  errno.o(.data)
    _errno                                   0x2000004c   Data           4  errno.o(.data)
    .bss                                     0x20000050   Section       16  inv_mpu_dmp_motion_driver.o(.bss)
    dmp                                      0x20000050   Data          16  inv_mpu_dmp_motion_driver.o(.bss)
    STACK                                    0x20000060   Section     1024  startup_stm32f103xe.o(STACK)

    Global Symbols

    Symbol Name                              Value     Ov Type        Size  Object(Section)

    BuildAttributes$$THM_ISAv4$P$D$K$B$S$PE$A:L22UL41UL21$X:L11$S22US41US21$IEEE1$IW$USESV6$~STKCKD$USESV7$~SHL$OTIME$ROPI$IEEEX$EBA8$MICROLIB$REQ8$PRES8$EABIv2 0x00000000   Number         0  anon$$obj.o ABSOLUTE
    __ARM_use_no_argv                        0x00000000   Number         0  main.o ABSOLUTE
    _printf_a                                0x00000000   Number         0  stubs.o ABSOLUTE
    _printf_c                                0x00000000   Number         0  stubs.o ABSOLUTE
    _printf_charcount                        0x00000000   Number         0  stubs.o ABSOLUTE
    _printf_d                                0x00000000   Number         0  stubs.o ABSOLUTE
    _printf_e                                0x00000000   Number         0  stubs.o ABSOLUTE
    _printf_f                                0x00000000   Number         0  stubs.o ABSOLUTE
    _printf_flags                            0x00000000   Number         0  stubs.o ABSOLUTE
    _printf_fp_dec                           0x00000000   Number         0  stubs.o ABSOLUTE
    _printf_fp_hex                           0x00000000   Number         0  stubs.o ABSOLUTE
    _printf_g                                0x00000000   Number         0  stubs.o ABSOLUTE
    _printf_i                                0x00000000   Number         0  stubs.o ABSOLUTE
    _printf_int_dec                          0x00000000   Number         0  stubs.o ABSOLUTE
    _printf_l                                0x00000000   Number         0  stubs.o ABSOLUTE
    _printf_lc                               0x00000000   Number         0  stubs.o ABSOLUTE
    _printf_ll                               0x00000000   Number         0  stubs.o ABSOLUTE
    _printf_lld                              0x00000000   Number         0  stubs.o ABSOLUTE
    _printf_lli                              0x00000000   Number         0  stubs.o ABSOLUTE
    _printf_llo                              0x00000000   Number         0  stubs.o ABSOLUTE
    _printf_llu                              0x00000000   Number         0  stubs.o ABSOLUTE
    _printf_llx                              0x00000000   Number         0  stubs.o ABSOLUTE
    _printf_longlong_dec                     0x00000000   Number         0  stubs.o ABSOLUTE
    _printf_longlong_hex                     0x00000000   Number         0  stubs.o ABSOLUTE
    _printf_longlong_oct                     0x00000000   Number         0  stubs.o ABSOLUTE
    _printf_ls                               0x00000000   Number         0  stubs.o ABSOLUTE
    _printf_mbtowc                           0x00000000   Number         0  stubs.o ABSOLUTE
    _printf_n                                0x00000000   Number         0  stubs.o ABSOLUTE
    _printf_o                                0x00000000   Number         0  stubs.o ABSOLUTE
    _printf_p                                0x00000000   Number         0  stubs.o ABSOLUTE
    _printf_percent                          0x00000000   Number         0  stubs.o ABSOLUTE
    _printf_pre_padding                      0x00000000   Number         0  stubs.o ABSOLUTE
    _printf_return_value                     0x00000000   Number         0  stubs.o ABSOLUTE
    _printf_s                                0x00000000   Number         0  stubs.o ABSOLUTE
    _printf_sizespec                         0x00000000   Number         0  stubs.o ABSOLUTE
    _printf_str                              0x00000000   Number         0  stubs.o ABSOLUTE
    _printf_truncate_signed                  0x00000000   Number         0  stubs.o ABSOLUTE
    _printf_truncate_unsigned                0x00000000   Number         0  stubs.o ABSOLUTE
    _printf_u                                0x00000000   Number         0  stubs.o ABSOLUTE
    _printf_wc                               0x00000000   Number         0  stubs.o ABSOLUTE
    _printf_wctomb                           0x00000000   Number         0  stubs.o ABSOLUTE
    _printf_widthprec                        0x00000000   Number         0  stubs.o ABSOLUTE
    _printf_x                                0x00000000   Number         0  stubs.o ABSOLUTE
    __arm_fini_                               - Undefined Weak Reference
    __cpp_initialize__aeabi_                  - Undefined Weak Reference
    __cxa_finalize                            - Undefined Weak Reference
    __decompress                              - Undefined Weak Reference
    _clock_init                               - Undefined Weak Reference
    _microlib_exit                            - Undefined Weak Reference
    __Vectors_Size                           0x00000130   Number         0  startup_stm32f103xe.o ABSOLUTE
    __Vectors                                0x08000000   Data           4  startup_stm32f103xe.o(RESET)
    __Vectors_End                            0x08000130   Data           0  startup_stm32f103xe.o(RESET)
    __main                                   0x08000131   Thumb Code     0  entry.o(.ARM.Collect$$$$00000000)
    _main_stk                                0x08000131   Thumb Code     0  entry2.o(.ARM.Collect$$$$00000001)
    _main_scatterload                        0x08000135   Thumb Code     0  entry5.o(.ARM.Collect$$$$00000004)
    __main_after_scatterload                 0x08000139   Thumb Code     0  entry5.o(.ARM.Collect$$$$00000004)
    _main_clock                              0x08000139   Thumb Code     0  entry7b.o(.ARM.Collect$$$$00000008)
    _main_cpp_init                           0x08000139   Thumb Code     0  entry8b.o(.ARM.Collect$$$$0000000A)
    _main_init                               0x08000139   Thumb Code     0  entry9a.o(.ARM.Collect$$$$0000000B)
    __rt_lib_shutdown_fini                   0x08000141   Thumb Code     0  entry12b.o(.ARM.Collect$$$$0000000E)
    __rt_final_cpp                           0x08000145   Thumb Code     0  entry10a.o(.ARM.Collect$$$$0000000F)
    __rt_final_exit                          0x08000145   Thumb Code     0  entry11a.o(.ARM.Collect$$$$00000011)
    Reset_Handler                            0x08000149   Thumb Code     8  startup_stm32f103xe.o(.text)
    ADC1_2_IRQHandler                        0x08000163   Thumb Code     0  startup_stm32f103xe.o(.text)
    ADC3_IRQHandler                          0x08000163   Thumb Code     0  startup_stm32f103xe.o(.text)
    CAN1_RX1_IRQHandler                      0x08000163   Thumb Code     0  startup_stm32f103xe.o(.text)
    CAN1_SCE_IRQHandler                      0x08000163   Thumb Code     0  startup_stm32f103xe.o(.text)
    DMA1_Channel1_IRQHandler                 0x08000163   Thumb Code     0  startup_stm32f103xe.o(.text)
    DMA1_Channel2_IRQHandler                 0x08000163   Thumb Code     0  startup_stm32f103xe.o(.text)
    DMA1_Channel3_IRQHandler                 0x08000163   Thumb Code     0  startup_stm32f103xe.o(.text)
    DMA1_Channel4_IRQHandler                 0x08000163   Thumb Code     0  startup_stm32f103xe.o(.text)
    DMA1_Channel5_IRQHandler                 0x08000163   Thumb Code     0  startup_stm32f103xe.o(.text)
    DMA1_Channel6_IRQHandler                 0x08000163   Thumb Code     0  startup_stm32f103xe.o(.text)
    DMA1_Channel7_IRQHandler                 0x08000163   Thumb Code     0  startup_stm32f103xe.o(.text)
    DMA2_Channel1_IRQHandler                 0x08000163   Thumb Code     0  startup_stm32f103xe.o(.text)
    DMA2_Channel2_IRQHandler                 0x08000163   Thumb Code     0  startup_stm32f103xe.o(.text)
    DMA2_Channel3_IRQHandler                 0x08000163   Thumb Code     0  startup_stm32f103xe.o(.text)
    DMA2_Channel4_5_IRQHandler               0x08000163   Thumb Code     0  startup_stm32f103xe.o(.text)
    EXTI0_IRQHandler                         0x08000163   Thumb Code     0  startup_stm32f103xe.o(.text)
    EXTI15_10_IRQHandler                     0x08000163   Thumb Code     0  startup_stm32f103xe.o(.text)
    EXTI1_IRQHandler                         0x08000163   Thumb Code     0  startup_stm32f103xe.o(.text)
    EXTI2_IRQHandler                         0x08000163   Thumb Code     0  startup_stm32f103xe.o(.text)
    EXTI3_IRQHandler                         0x08000163   Thumb Code     0  startup_stm32f103xe.o(.text)
    EXTI4_IRQHandler                         0x08000163   Thumb Code     0  startup_stm32f103xe.o(.text)
    EXTI9_5_IRQHandler                       0x08000163   Thumb Code     0  startup_stm32f103xe.o(.text)
    FLASH_IRQHandler                         0x08000163   Thumb Code     0  startup_stm32f103xe.o(.text)
    FSMC_IRQHandler                          0x08000163   Thumb Code     0  startup_stm32f103xe.o(.text)
    I2C1_ER_IRQHandler                       0x08000163   Thumb Code     0  startup_stm32f103xe.o(.text)
    I2C1_EV_IRQHandler                       0x08000163   Thumb Code     0  startup_stm32f103xe.o(.text)
    I2C2_ER_IRQHandler                       0x08000163   Thumb Code     0  startup_stm32f103xe.o(.text)
    I2C2_EV_IRQHandler                       0x08000163   Thumb Code     0  startup_stm32f103xe.o(.text)
    PVD_IRQHandler                           0x08000163   Thumb Code     0  startup_stm32f103xe.o(.text)
    RCC_IRQHandler                           0x08000163   Thumb Code     0  startup_stm32f103xe.o(.text)
    RTC_Alarm_IRQHandler                     0x08000163   Thumb Code     0  startup_stm32f103xe.o(.text)
    RTC_IRQHandler                           0x08000163   Thumb Code     0  startup_stm32f103xe.o(.text)
    SDIO_IRQHandler                          0x08000163   Thumb Code     0  startup_stm32f103xe.o(.text)
    SPI1_IRQHandler                          0x08000163   Thumb Code     0  startup_stm32f103xe.o(.text)
    SPI2_IRQHandler                          0x08000163   Thumb Code     0  startup_stm32f103xe.o(.text)
    SPI3_IRQHandler                          0x08000163   Thumb Code     0  startup_stm32f103xe.o(.text)
    TAMPER_IRQHandler                        0x08000163   Thumb Code     0  startup_stm32f103xe.o(.text)
    TIM1_BRK_IRQHandler                      0x08000163   Thumb Code     0  startup_stm32f103xe.o(.text)
    TIM1_CC_IRQHandler                       0x08000163   Thumb Code     0  startup_stm32f103xe.o(.text)
    TIM1_TRG_COM_IRQHandler                  0x08000163   Thumb Code     0  startup_stm32f103xe.o(.text)
    TIM1_UP_IRQHandler                       0x08000163   Thumb Code     0  startup_stm32f103xe.o(.text)
    TIM2_IRQHandler                          0x08000163   Thumb Code     0  startup_stm32f103xe.o(.text)
    TIM3_IRQHandler                          0x08000163   Thumb Code     0  startup_stm32f103xe.o(.text)
    TIM4_IRQHandler                          0x08000163   Thumb Code     0  startup_stm32f103xe.o(.text)
    TIM5_IRQHandler                          0x08000163   Thumb Code     0  startup_stm32f103xe.o(.text)
    TIM6_IRQHandler                          0x08000163   Thumb Code     0  startup_stm32f103xe.o(.text)
    TIM7_IRQHandler                          0x08000163   Thumb Code     0  startup_stm32f103xe.o(.text)
    TIM8_BRK_IRQHandler                      0x08000163   Thumb Code     0  startup_stm32f103xe.o(.text)
    TIM8_CC_IRQHandler                       0x08000163   Thumb Code     0  startup_stm32f103xe.o(.text)
    TIM8_TRG_COM_IRQHandler                  0x08000163   Thumb Code     0  startup_stm32f103xe.o(.text)
    TIM8_UP_IRQHandler                       0x08000163   Thumb Code     0  startup_stm32f103xe.o(.text)
    UART4_IRQHandler                         0x08000163   Thumb Code     0  startup_stm32f103xe.o(.text)
    UART5_IRQHandler                         0x08000163   Thumb Code     0  startup_stm32f103xe.o(.text)
    USART1_IRQHandler                        0x08000163   Thumb Code     0  startup_stm32f103xe.o(.text)
    USART2_IRQHandler                        0x08000163   Thumb Code     0  startup_stm32f103xe.o(.text)
    USART3_IRQHandler                        0x08000163   Thumb Code     0  startup_stm32f103xe.o(.text)
    USBWakeUp_IRQHandler                     0x08000163   Thumb Code     0  startup_stm32f103xe.o(.text)
    USB_HP_CAN1_TX_IRQHandler                0x08000163   Thumb Code     0  startup_stm32f103xe.o(.text)
    USB_LP_CAN1_RX0_IRQHandler               0x08000163   Thumb Code     0  startup_stm32f103xe.o(.text)
    WWDG_IRQHandler                          0x08000163   Thumb Code     0  startup_stm32f103xe.o(.text)
    __aeabi_ldivmod                          0x0800016d   Thumb Code    98  ldiv.o(.text)
    __aeabi_llsr                             0x080001cf   Thumb Code    32  llushr.o(.text)
    _ll_ushift_r                             0x080001cf   Thumb Code     0  llushr.o(.text)
    __aeabi_memset                           0x080001ef   Thumb Code    14  memseta.o(.text)
    __aeabi_memset4                          0x080001ef   Thumb Code     0  memseta.o(.text)
    __aeabi_memset8                          0x080001ef   Thumb Code     0  memseta.o(.text)
    __aeabi_memclr                           0x080001fd   Thumb Code     4  memseta.o(.text)
    __aeabi_memclr4                          0x080001fd   Thumb Code     0  memseta.o(.text)
    __aeabi_memclr8                          0x080001fd   Thumb Code     0  memseta.o(.text)
    _memset$wrapper                          0x08000201   Thumb Code    18  memseta.o(.text)
    memcmp                                   0x08000213   Thumb Code    26  memcmp.o(.text)
    __aeabi_fadd                             0x0800022d   Thumb Code   164  fadd.o(.text)
    __aeabi_fsub                             0x080002d1   Thumb Code     6  fadd.o(.text)
    __aeabi_frsub                            0x080002d7   Thumb Code     6  fadd.o(.text)
    __aeabi_fmul                             0x080002dd   Thumb Code   100  fmul.o(.text)
    __aeabi_fdiv                             0x08000341   Thumb Code   124  fdiv.o(.text)
    __ARM_scalbnf                            0x080003bd   Thumb Code    24  fscalb.o(.text)
    scalbnf                                  0x080003bd   Thumb Code     0  fscalb.o(.text)
    __aeabi_dadd                             0x080003d5   Thumb Code   322  dadd.o(.text)
    __aeabi_dsub                             0x08000517   Thumb Code     6  dadd.o(.text)
    __aeabi_drsub                            0x0800051d   Thumb Code     6  dadd.o(.text)
    __aeabi_dmul                             0x08000523   Thumb Code   228  dmul.o(.text)
    __aeabi_ddiv                             0x08000607   Thumb Code   222  ddiv.o(.text)
    __aeabi_i2f                              0x080006e5   Thumb Code    18  fflti.o(.text)
    __aeabi_ui2f                             0x080006f7   Thumb Code    10  ffltui.o(.text)
    __aeabi_f2iz                             0x08000701   Thumb Code    50  ffixi.o(.text)
    __aeabi_f2uiz                            0x08000733   Thumb Code    40  ffixui.o(.text)
    __aeabi_f2d                              0x0800075b   Thumb Code    38  f2d.o(.text)
    __aeabi_d2f                              0x08000781   Thumb Code    56  d2f.o(.text)
    __aeabi_uldivmod                         0x080007b9   Thumb Code    98  uldiv.o(.text)
    __aeabi_llsl                             0x0800081b   Thumb Code    30  llshl.o(.text)
    _ll_shift_l                              0x0800081b   Thumb Code     0  llshl.o(.text)
    __aeabi_lasr                             0x08000839   Thumb Code    36  llsshr.o(.text)
    _ll_sshift_r                             0x08000839   Thumb Code     0  llsshr.o(.text)
    __I$use$fp                               0x0800085d   Thumb Code     0  iusefp.o(.text)
    _float_round                             0x0800085d   Thumb Code    18  fepilogue.o(.text)
    _float_epilogue                          0x0800086f   Thumb Code    92  fepilogue.o(.text)
    _double_round                            0x080008cb   Thumb Code    30  depilogue.o(.text)
    _double_epilogue                         0x080008e9   Thumb Code   156  depilogue.o(.text)
    __ARM_scalbn                             0x08000985   Thumb Code    46  dscalb.o(.text)
    scalbn                                   0x08000985   Thumb Code     0  dscalb.o(.text)
    __aeabi_cdcmpeq                          0x080009b5   Thumb Code     0  cdcmple.o(.text)
    __aeabi_cdcmple                          0x080009b5   Thumb Code    48  cdcmple.o(.text)
    __scatterload                            0x080009e5   Thumb Code    28  init.o(.text)
    __scatterload_rt2                        0x080009e5   Thumb Code     0  init.o(.text)
    __I$use$semihosting$fputc                0x08000a09   Thumb Code     0  iusesemip.o(.text)
    __semihosting_library_function           0x08000a09   Thumb Code     0  semi.o(.text)
    _dsqrt                                   0x08000a09   Thumb Code   162  dsqrt.o(.text)
    BusFault_Handler                         0x08000aab   Thumb Code     2  stm32f1xx_it.o(i.BusFault_Handler)
    DebugMon_Handler                         0x08000aad   Thumb Code     2  stm32f1xx_it.o(i.DebugMon_Handler)
    HAL_Delay                                0x08000ab1   Thumb Code    32  stm32f1xx_hal.o(i.HAL_Delay)
    HAL_GPIO_Init                            0x08000ad5   Thumb Code   462  stm32f1xx_hal_gpio.o(i.HAL_GPIO_Init)
    HAL_GPIO_ReadPin                         0x08000ccd   Thumb Code    10  stm32f1xx_hal_gpio.o(i.HAL_GPIO_ReadPin)
    HAL_GPIO_WritePin                        0x08000cd7   Thumb Code    10  stm32f1xx_hal_gpio.o(i.HAL_GPIO_WritePin)
    HAL_GetTick                              0x08000ce1   Thumb Code     6  stm32f1xx_hal.o(i.HAL_GetTick)
    HAL_IncTick                              0x08000ced   Thumb Code    12  stm32f1xx_hal.o(i.HAL_IncTick)
    HAL_Init                                 0x08000cfd   Thumb Code    32  stm32f1xx_hal.o(i.HAL_Init)
    HAL_InitTick                             0x08000d21   Thumb Code    54  stm32f1xx_hal.o(i.HAL_InitTick)
    HAL_MspInit                              0x08000d61   Thumb Code    52  stm32f1xx_hal_msp.o(i.HAL_MspInit)
    HAL_NVIC_SetPriority                     0x08000d9d   Thumb Code    60  stm32f1xx_hal_cortex.o(i.HAL_NVIC_SetPriority)
    HAL_NVIC_SetPriorityGrouping             0x08000ddd   Thumb Code    26  stm32f1xx_hal_cortex.o(i.HAL_NVIC_SetPriorityGrouping)
    HAL_RCC_ClockConfig                      0x08000e01   Thumb Code   280  stm32f1xx_hal_rcc.o(i.HAL_RCC_ClockConfig)
    HAL_RCC_GetSysClockFreq                  0x08000f2d   Thumb Code    74  stm32f1xx_hal_rcc.o(i.HAL_RCC_GetSysClockFreq)
    HAL_RCC_OscConfig                        0x08000f99   Thumb Code   778  stm32f1xx_hal_rcc.o(i.HAL_RCC_OscConfig)
    HAL_SYSTICK_Config                       0x080012b9   Thumb Code    40  stm32f1xx_hal_cortex.o(i.HAL_SYSTICK_Config)
    HardFault_Handler                        0x080012e1   Thumb Code     2  stm32f1xx_it.o(i.HardFault_Handler)
    IIC_Ack                                  0x080012e5   Thumb Code    78  myiic.o(i.IIC_Ack)
    IIC_Init                                 0x08001339   Thumb Code     4  myiic.o(i.IIC_Init)
    IIC_NAck                                 0x0800133d   Thumb Code    78  myiic.o(i.IIC_NAck)
    IIC_Read_Byte                            0x08001391   Thumb Code   112  myiic.o(i.IIC_Read_Byte)
    IIC_Send_Byte                            0x08001405   Thumb Code   110  myiic.o(i.IIC_Send_Byte)
    IIC_Start                                0x08001479   Thumb Code    78  myiic.o(i.IIC_Start)
    IIC_Stop                                 0x080014cd   Thumb Code    78  myiic.o(i.IIC_Stop)
    IIC_Wait_Ack                             0x08001521   Thumb Code   104  myiic.o(i.IIC_Wait_Ack)
    MPU_IIC_Delay                            0x0800158d   Thumb Code    14  myiic.o(i.MPU_IIC_Delay)
    MPU_Init                                 0x0800159b   Thumb Code   118  mpu6050.o(i.MPU_Init)
    MPU_Read_Byte                            0x08001611   Thumb Code    58  mpu6050.o(i.MPU_Read_Byte)
    MPU_Read_Len                             0x0800164d   Thumb Code   108  mpu6050.o(i.MPU_Read_Len)
    MPU_Set_Accel_Fsr                        0x080016b9   Thumb Code    10  mpu6050.o(i.MPU_Set_Accel_Fsr)
    MPU_Set_Gyro_Fsr                         0x080016c3   Thumb Code    10  mpu6050.o(i.MPU_Set_Gyro_Fsr)
    MPU_Set_LPF                              0x080016cd   Thumb Code    48  mpu6050.o(i.MPU_Set_LPF)
    MPU_Set_Rate                             0x080016fd   Thumb Code    46  mpu6050.o(i.MPU_Set_Rate)
    MPU_Write_Byte                           0x0800172b   Thumb Code    60  mpu6050.o(i.MPU_Write_Byte)
    MPU_Write_Len                            0x08001767   Thumb Code    82  mpu6050.o(i.MPU_Write_Len)
    MX_GPIO_Init                             0x080017b9   Thumb Code   106  gpio.o(i.MX_GPIO_Init)
    MemManage_Handler                        0x0800182d   Thumb Code     2  stm32f1xx_it.o(i.MemManage_Handler)
    NMI_Handler                              0x0800182f   Thumb Code     2  stm32f1xx_it.o(i.NMI_Handler)
    PendSV_Handler                           0x08001831   Thumb Code     2  stm32f1xx_it.o(i.PendSV_Handler)
    SVC_Handler                              0x08001833   Thumb Code     2  stm32f1xx_it.o(i.SVC_Handler)
    SysTick_Handler                          0x08001835   Thumb Code     4  stm32f1xx_it.o(i.SysTick_Handler)
    SystemClock_Config                       0x08001839   Thumb Code    78  main.o(i.SystemClock_Config)
    SystemInit                               0x08001887   Thumb Code     2  system_stm32f1xx.o(i.SystemInit)
    UsageFault_Handler                       0x08001889   Thumb Code     2  stm32f1xx_it.o(i.UsageFault_Handler)
    __0printf$8                              0x0800188d   Thumb Code    22  printf8.o(i.__0printf$8)
    __1printf$8                              0x0800188d   Thumb Code     0  printf8.o(i.__0printf$8)
    __2printf                                0x0800188d   Thumb Code     0  printf8.o(i.__0printf$8)
    __ARM_fpclassify                         0x080018ad   Thumb Code    40  fpclassify.o(i.__ARM_fpclassify)
    __kernel_poly                            0x080018f5   Thumb Code   170  poly.o(i.__kernel_poly)
    __mathlib_dbl_infnan                     0x0800199f   Thumb Code     6  dunder.o(i.__mathlib_dbl_infnan)
    __mathlib_dbl_infnan2                    0x080019a5   Thumb Code     4  dunder.o(i.__mathlib_dbl_infnan2)
    __mathlib_dbl_invalid                    0x080019a9   Thumb Code    12  dunder.o(i.__mathlib_dbl_invalid)
    __mathlib_dbl_underflow                  0x080019b5   Thumb Code    10  dunder.o(i.__mathlib_dbl_underflow)
    __scatterload_copy                       0x080019c5   Thumb Code    14  handlers.o(i.__scatterload_copy)
    __scatterload_null                       0x080019d3   Thumb Code     2  handlers.o(i.__scatterload_null)
    __scatterload_zeroinit                   0x080019d5   Thumb Code    14  handlers.o(i.__scatterload_zeroinit)
    __set_errno                              0x080019e5   Thumb Code     6  errno.o(i.__set_errno)
    asin                                     0x08001ec9   Thumb Code   572  asin.o(i.asin)
    atan                                     0x08002139   Thumb Code   474  atan.o(i.atan)
    atan2                                    0x08002359   Thumb Code   374  atan2.o(i.atan2)
    dmp_enable_6x_lp_quat                    0x080024f5   Thumb Code    58  inv_mpu_dmp_motion_driver.o(i.dmp_enable_6x_lp_quat)
    dmp_enable_feature                       0x08002531   Thumb Code   464  inv_mpu_dmp_motion_driver.o(i.dmp_enable_feature)
    dmp_enable_gyro_cal                      0x08002709   Thumb Code    34  inv_mpu_dmp_motion_driver.o(i.dmp_enable_gyro_cal)
    dmp_enable_lp_quat                       0x08002745   Thumb Code    58  inv_mpu_dmp_motion_driver.o(i.dmp_enable_lp_quat)
    dmp_load_motion_driver_firmware          0x08002781   Thumb Code    16  inv_mpu_dmp_motion_driver.o(i.dmp_load_motion_driver_firmware)
    dmp_read_fifo                            0x08002795   Thumb Code   352  inv_mpu_dmp_motion_driver.o(i.dmp_read_fifo)
    dmp_set_accel_bias                       0x080028f9   Thumb Code   210  inv_mpu_dmp_motion_driver.o(i.dmp_set_accel_bias)
    dmp_set_fifo_rate                        0x080029d1   Thumb Code    82  inv_mpu_dmp_motion_driver.o(i.dmp_set_fifo_rate)
    dmp_set_gyro_bias                        0x08002a35   Thumb Code   196  inv_mpu_dmp_motion_driver.o(i.dmp_set_gyro_bias)
    dmp_set_orientation                      0x08002b01   Thumb Code   246  inv_mpu_dmp_motion_driver.o(i.dmp_set_orientation)
    dmp_set_shake_reject_thresh              0x08002c0d   Thumb Code    48  inv_mpu_dmp_motion_driver.o(i.dmp_set_shake_reject_thresh)
    dmp_set_shake_reject_time                0x08002c3d   Thumb Code    32  inv_mpu_dmp_motion_driver.o(i.dmp_set_shake_reject_time)
    dmp_set_shake_reject_timeout             0x08002c5d   Thumb Code    32  inv_mpu_dmp_motion_driver.o(i.dmp_set_shake_reject_timeout)
    dmp_set_tap_axes                         0x08002c7d   Thumb Code    64  inv_mpu_dmp_motion_driver.o(i.dmp_set_tap_axes)
    dmp_set_tap_count                        0x08002cbd   Thumb Code    34  inv_mpu_dmp_motion_driver.o(i.dmp_set_tap_count)
    dmp_set_tap_thresh                       0x08002ce1   Thumb Code   274  inv_mpu_dmp_motion_driver.o(i.dmp_set_tap_thresh)
    dmp_set_tap_time                         0x08002e09   Thumb Code    32  inv_mpu_dmp_motion_driver.o(i.dmp_set_tap_time)
    dmp_set_tap_time_multi                   0x08002e29   Thumb Code    32  inv_mpu_dmp_motion_driver.o(i.dmp_set_tap_time_multi)
    fputc                                    0x08002e49   Thumb Code    18  fputc.o(i.fputc)
    inv_orientation_matrix_to_scalar         0x080032f1   Thumb Code    34  inv_mpu.o(i.inv_orientation_matrix_to_scalar)
    inv_row_2_scale                          0x08003313   Thumb Code    72  inv_mpu.o(i.inv_row_2_scale)
    main                                     0x0800335d   Thumb Code    62  main.o(i.main)
    mget_ms                                  0x080033a1   Thumb Code     2  inv_mpu.o(i.mget_ms)
    mpu_configure_fifo                       0x080033a5   Thumb Code    78  inv_mpu.o(i.mpu_configure_fifo)
    mpu_dmp_get_data                         0x080033f9   Thumb Code   408  inv_mpu.o(i.mpu_dmp_get_data)
    mpu_dmp_init                             0x08003595   Thumb Code   160  inv_mpu.o(i.mpu_dmp_init)
    mpu_get_accel_fsr                        0x08003639   Thumb Code    54  inv_mpu.o(i.mpu_get_accel_fsr)
    mpu_get_accel_sens                       0x08003675   Thumb Code    62  inv_mpu.o(i.mpu_get_accel_sens)
    mpu_get_gyro_fsr                         0x080036b9   Thumb Code    48  inv_mpu.o(i.mpu_get_gyro_fsr)
    mpu_get_gyro_sens                        0x080036ed   Thumb Code    44  inv_mpu.o(i.mpu_get_gyro_sens)
    mpu_get_lpf                              0x0800372d   Thumb Code    52  inv_mpu.o(i.mpu_get_lpf)
    mpu_get_sample_rate                      0x08003765   Thumb Code    22  inv_mpu.o(i.mpu_get_sample_rate)
    mpu_init                                 0x08003781   Thumb Code   310  inv_mpu.o(i.mpu_init)
    mpu_load_firmware                        0x08003909   Thumb Code   154  inv_mpu.o(i.mpu_load_firmware)
    mpu_lp_accel_mode                        0x080039a9   Thumb Code   178  inv_mpu.o(i.mpu_lp_accel_mode)
    mpu_read_fifo_stream                     0x08003a61   Thumb Code   140  inv_mpu.o(i.mpu_read_fifo_stream)
    mpu_read_mem                             0x08003af1   Thumb Code    80  inv_mpu.o(i.mpu_read_mem)
    mpu_reset_fifo                           0x08003b45   Thumb Code   346  inv_mpu.o(i.mpu_reset_fifo)
    mpu_run_self_test                        0x08003ca5   Thumb Code   234  inv_mpu.o(i.mpu_run_self_test)
    mpu_set_accel_fsr                        0x08003d95   Thumb Code    98  inv_mpu.o(i.mpu_set_accel_fsr)
    mpu_set_bypass                           0x08003dfd   Thumb Code   214  inv_mpu.o(i.mpu_set_bypass)
    mpu_set_dmp_state                        0x08003ed9   Thumb Code   114  inv_mpu.o(i.mpu_set_dmp_state)
    mpu_set_gyro_fsr                         0x08003f51   Thumb Code   104  inv_mpu.o(i.mpu_set_gyro_fsr)
    mpu_set_int_latched                      0x08003fbd   Thumb Code    94  inv_mpu.o(i.mpu_set_int_latched)
    mpu_set_lpf                              0x08004021   Thumb Code   102  inv_mpu.o(i.mpu_set_lpf)
    mpu_set_sample_rate                      0x0800408d   Thumb Code   124  inv_mpu.o(i.mpu_set_sample_rate)
    mpu_set_sensors                          0x0800410d   Thumb Code   178  inv_mpu.o(i.mpu_set_sensors)
    mpu_write_mem                            0x080041c5   Thumb Code    80  inv_mpu.o(i.mpu_write_mem)
    run_self_test                            0x08004219   Thumb Code   128  inv_mpu.o(i.run_self_test)
    sqrt                                     0x080042f1   Thumb Code    76  sqrt.o(i.sqrt)
    AHBPrescTable                            0x0800433c   Data          16  system_stm32f1xx.o(.constdata)
    reg                                      0x0800434c   Data          27  inv_mpu.o(.constdata)
    hw                                       0x08004368   Data          12  inv_mpu.o(.constdata)
    test                                     0x08004374   Data          40  inv_mpu.o(.constdata)
    __mathlib_zero                           0x08005080   Data           8  qnan.o(.constdata)
    Region$$Table$$Base                      0x080050d8   Number         0  anon$$obj.o(Region$$Table)
    Region$$Table$$Limit                     0x080050f8   Number         0  anon$$obj.o(Region$$Table)
    uwTickFreq                               0x20000000   Data           1  stm32f1xx_hal.o(.data)
    uwTickPrio                               0x20000004   Data           4  stm32f1xx_hal.o(.data)
    uwTick                                   0x20000008   Data           4  stm32f1xx_hal.o(.data)
    SystemCoreClock                          0x2000000c   Data           4  system_stm32f1xx.o(.data)
    __stdout                                 0x20000048   Data           4  stdout.o(.data)
    __initial_sp                             0x20000460   Data           0  startup_stm32f103xe.o(STACK)



==============================================================================

Memory Map of the image

  Image Entry point : 0x08000131

  Load Region LR_IROM1 (Base: 0x08000000, Size: 0x00005148, Max: 0x00080000, ABSOLUTE)

    Execution Region ER_IROM1 (Exec base: 0x08000000, Load base: 0x08000000, Size: 0x000050f8, Max: 0x00080000, ABSOLUTE)

    Exec Addr    Load Addr    Size         Type   Attr      Idx    E Section Name        Object

    0x08000000   0x08000000   0x00000130   Data   RO            3    RESET               startup_stm32f103xe.o
    0x08000130   0x08000130   0x00000000   Code   RO         2066  * .ARM.Collect$$$$00000000  mc_w.l(entry.o)
    0x08000130   0x08000130   0x00000004   Code   RO         2403    .ARM.Collect$$$$00000001  mc_w.l(entry2.o)
    0x08000134   0x08000134   0x00000004   Code   RO         2406    .ARM.Collect$$$$00000004  mc_w.l(entry5.o)
    0x08000138   0x08000138   0x00000000   Code   RO         2408    .ARM.Collect$$$$00000008  mc_w.l(entry7b.o)
    0x08000138   0x08000138   0x00000000   Code   RO         2410    .ARM.Collect$$$$0000000A  mc_w.l(entry8b.o)
    0x08000138   0x08000138   0x00000008   Code   RO         2411    .ARM.Collect$$$$0000000B  mc_w.l(entry9a.o)
    0x08000140   0x08000140   0x00000004   Code   RO         2418    .ARM.Collect$$$$0000000E  mc_w.l(entry12b.o)
    0x08000144   0x08000144   0x00000000   Code   RO         2413    .ARM.Collect$$$$0000000F  mc_w.l(entry10a.o)
    0x08000144   0x08000144   0x00000000   Code   RO         2415    .ARM.Collect$$$$00000011  mc_w.l(entry11a.o)
    0x08000144   0x08000144   0x00000004   Code   RO         2404    .ARM.Collect$$$$00002712  mc_w.l(entry2.o)
    0x08000148   0x08000148   0x00000024   Code   RO            4    .text               startup_stm32f103xe.o
    0x0800016c   0x0800016c   0x00000062   Code   RO         2069    .text               mc_w.l(ldiv.o)
    0x080001ce   0x080001ce   0x00000020   Code   RO         2071    .text               mc_w.l(llushr.o)
    0x080001ee   0x080001ee   0x00000024   Code   RO         2073    .text               mc_w.l(memseta.o)
    0x08000212   0x08000212   0x0000001a   Code   RO         2075    .text               mc_w.l(memcmp.o)
    0x0800022c   0x0800022c   0x000000b0   Code   RO         2338    .text               mf_w.l(fadd.o)
    0x080002dc   0x080002dc   0x00000064   Code   RO         2340    .text               mf_w.l(fmul.o)
    0x08000340   0x08000340   0x0000007c   Code   RO         2342    .text               mf_w.l(fdiv.o)
    0x080003bc   0x080003bc   0x00000018   Code   RO         2344    .text               mf_w.l(fscalb.o)
    0x080003d4   0x080003d4   0x0000014e   Code   RO         2346    .text               mf_w.l(dadd.o)
    0x08000522   0x08000522   0x000000e4   Code   RO         2348    .text               mf_w.l(dmul.o)
    0x08000606   0x08000606   0x000000de   Code   RO         2350    .text               mf_w.l(ddiv.o)
    0x080006e4   0x080006e4   0x00000012   Code   RO         2352    .text               mf_w.l(fflti.o)
    0x080006f6   0x080006f6   0x0000000a   Code   RO         2354    .text               mf_w.l(ffltui.o)
    0x08000700   0x08000700   0x00000032   Code   RO         2358    .text               mf_w.l(ffixi.o)
    0x08000732   0x08000732   0x00000028   Code   RO         2360    .text               mf_w.l(ffixui.o)
    0x0800075a   0x0800075a   0x00000026   Code   RO         2362    .text               mf_w.l(f2d.o)
    0x08000780   0x08000780   0x00000038   Code   RO         2364    .text               mf_w.l(d2f.o)
    0x080007b8   0x080007b8   0x00000062   Code   RO         2424    .text               mc_w.l(uldiv.o)
    0x0800081a   0x0800081a   0x0000001e   Code   RO         2426    .text               mc_w.l(llshl.o)
    0x08000838   0x08000838   0x00000024   Code   RO         2428    .text               mc_w.l(llsshr.o)
    0x0800085c   0x0800085c   0x00000000   Code   RO         2437    .text               mc_w.l(iusefp.o)
    0x0800085c   0x0800085c   0x0000006e   Code   RO         2438    .text               mf_w.l(fepilogue.o)
    0x080008ca   0x080008ca   0x000000ba   Code   RO         2440    .text               mf_w.l(depilogue.o)
    0x08000984   0x08000984   0x0000002e   Code   RO         2442    .text               mf_w.l(dscalb.o)
    0x080009b2   0x080009b2   0x00000002   PAD
    0x080009b4   0x080009b4   0x00000030   Code   RO         2446    .text               mf_w.l(cdcmple.o)
    0x080009e4   0x080009e4   0x00000024   Code   RO         2450    .text               mc_w.l(init.o)
    0x08000a08   0x08000a08   0x00000000   Code   RO         2452    .text               mc_w.l(semi.o)
    0x08000a08   0x08000a08   0x00000000   Code   RO         2453    .text               mc_w.l(iusesemip.o)
    0x08000a08   0x08000a08   0x000000a2   Code   RO         2454    .text               mf_w.l(dsqrt.o)
    0x08000aaa   0x08000aaa   0x00000002   Code   RO          167    i.BusFault_Handler  stm32f1xx_it.o
    0x08000aac   0x08000aac   0x00000002   Code   RO          168    i.DebugMon_Handler  stm32f1xx_it.o
    0x08000aae   0x08000aae   0x00000002   PAD
    0x08000ab0   0x08000ab0   0x00000024   Code   RO          345    i.HAL_Delay         stm32f1xx_hal.o
    0x08000ad4   0x08000ad4   0x000001f8   Code   RO          653    i.HAL_GPIO_Init     stm32f1xx_hal_gpio.o
    0x08000ccc   0x08000ccc   0x0000000a   Code   RO          655    i.HAL_GPIO_ReadPin  stm32f1xx_hal_gpio.o
    0x08000cd6   0x08000cd6   0x0000000a   Code   RO          657    i.HAL_GPIO_WritePin  stm32f1xx_hal_gpio.o
    0x08000ce0   0x08000ce0   0x0000000c   Code   RO          349    i.HAL_GetTick       stm32f1xx_hal.o
    0x08000cec   0x08000cec   0x00000010   Code   RO          355    i.HAL_IncTick       stm32f1xx_hal.o
    0x08000cfc   0x08000cfc   0x00000024   Code   RO          356    i.HAL_Init          stm32f1xx_hal.o
    0x08000d20   0x08000d20   0x00000040   Code   RO          357    i.HAL_InitTick      stm32f1xx_hal.o
    0x08000d60   0x08000d60   0x0000003c   Code   RO          242    i.HAL_MspInit       stm32f1xx_hal_msp.o
    0x08000d9c   0x08000d9c   0x00000040   Code   RO          819    i.HAL_NVIC_SetPriority  stm32f1xx_hal_cortex.o
    0x08000ddc   0x08000ddc   0x00000024   Code   RO          820    i.HAL_NVIC_SetPriorityGrouping  stm32f1xx_hal_cortex.o
    0x08000e00   0x08000e00   0x0000012c   Code   RO          513    i.HAL_RCC_ClockConfig  stm32f1xx_hal_rcc.o
    0x08000f2c   0x08000f2c   0x0000006c   Code   RO          522    i.HAL_RCC_GetSysClockFreq  stm32f1xx_hal_rcc.o
    0x08000f98   0x08000f98   0x00000320   Code   RO          525    i.HAL_RCC_OscConfig  stm32f1xx_hal_rcc.o
    0x080012b8   0x080012b8   0x00000028   Code   RO          824    i.HAL_SYSTICK_Config  stm32f1xx_hal_cortex.o
    0x080012e0   0x080012e0   0x00000002   Code   RO          169    i.HardFault_Handler  stm32f1xx_it.o
    0x080012e2   0x080012e2   0x00000002   PAD
    0x080012e4   0x080012e4   0x00000054   Code   RO         1351    i.IIC_Ack           myiic.o
    0x08001338   0x08001338   0x00000004   Code   RO         1352    i.IIC_Init          myiic.o
    0x0800133c   0x0800133c   0x00000054   Code   RO         1353    i.IIC_NAck          myiic.o
    0x08001390   0x08001390   0x00000074   Code   RO         1354    i.IIC_Read_Byte     myiic.o
    0x08001404   0x08001404   0x00000074   Code   RO         1355    i.IIC_Send_Byte     myiic.o
    0x08001478   0x08001478   0x00000054   Code   RO         1356    i.IIC_Start         myiic.o
    0x080014cc   0x080014cc   0x00000054   Code   RO         1357    i.IIC_Stop          myiic.o
    0x08001520   0x08001520   0x0000006c   Code   RO         1358    i.IIC_Wait_Ack      myiic.o
    0x0800158c   0x0800158c   0x0000000e   Code   RO         1359    i.MPU_IIC_Delay     myiic.o
    0x0800159a   0x0800159a   0x00000076   Code   RO         1426    i.MPU_Init          mpu6050.o
    0x08001610   0x08001610   0x0000003a   Code   RO         1427    i.MPU_Read_Byte     mpu6050.o
    0x0800164a   0x0800164a   0x00000002   PAD
    0x0800164c   0x0800164c   0x0000006c   Code   RO         1428    i.MPU_Read_Len      mpu6050.o
    0x080016b8   0x080016b8   0x0000000a   Code   RO         1429    i.MPU_Set_Accel_Fsr  mpu6050.o
    0x080016c2   0x080016c2   0x0000000a   Code   RO         1430    i.MPU_Set_Gyro_Fsr  mpu6050.o
    0x080016cc   0x080016cc   0x00000030   Code   RO         1431    i.MPU_Set_LPF       mpu6050.o
    0x080016fc   0x080016fc   0x0000002e   Code   RO         1432    i.MPU_Set_Rate      mpu6050.o
    0x0800172a   0x0800172a   0x0000003c   Code   RO         1433    i.MPU_Write_Byte    mpu6050.o
    0x08001766   0x08001766   0x00000052   Code   RO         1434    i.MPU_Write_Len     mpu6050.o
    0x080017b8   0x080017b8   0x00000074   Code   RO          143    i.MX_GPIO_Init      gpio.o
    0x0800182c   0x0800182c   0x00000002   Code   RO          170    i.MemManage_Handler  stm32f1xx_it.o
    0x0800182e   0x0800182e   0x00000002   Code   RO          171    i.NMI_Handler       stm32f1xx_it.o
    0x08001830   0x08001830   0x00000002   Code   RO          172    i.PendSV_Handler    stm32f1xx_it.o
    0x08001832   0x08001832   0x00000002   Code   RO          173    i.SVC_Handler       stm32f1xx_it.o
    0x08001834   0x08001834   0x00000004   Code   RO          174    i.SysTick_Handler   stm32f1xx_it.o
    0x08001838   0x08001838   0x0000004e   Code   RO           14    i.SystemClock_Config  main.o
    0x08001886   0x08001886   0x00000002   Code   RO         1314    i.SystemInit        system_stm32f1xx.o
    0x08001888   0x08001888   0x00000002   Code   RO          175    i.UsageFault_Handler  stm32f1xx_it.o
    0x0800188a   0x0800188a   0x00000002   PAD
    0x0800188c   0x0800188c   0x00000020   Code   RO         2284    i.__0printf$8       mc_w.l(printf8.o)
    0x080018ac   0x080018ac   0x00000028   Code   RO         2390    i.__ARM_fpclassify  m_ws.l(fpclassify.o)
    0x080018d4   0x080018d4   0x00000020   Code   RO          826    i.__NVIC_SetPriority  stm32f1xx_hal_cortex.o
    0x080018f4   0x080018f4   0x000000aa   Code   RO         2392    i.__kernel_poly     m_ws.l(poly.o)
    0x0800199e   0x0800199e   0x00000006   Code   RO         2377    i.__mathlib_dbl_infnan  m_ws.l(dunder.o)
    0x080019a4   0x080019a4   0x00000004   Code   RO         2378    i.__mathlib_dbl_infnan2  m_ws.l(dunder.o)
    0x080019a8   0x080019a8   0x0000000c   Code   RO         2379    i.__mathlib_dbl_invalid  m_ws.l(dunder.o)
    0x080019b4   0x080019b4   0x00000010   Code   RO         2382    i.__mathlib_dbl_underflow  m_ws.l(dunder.o)
    0x080019c4   0x080019c4   0x0000000e   Code   RO         2458    i.__scatterload_copy  mc_w.l(handlers.o)
    0x080019d2   0x080019d2   0x00000002   Code   RO         2459    i.__scatterload_null  mc_w.l(handlers.o)
    0x080019d4   0x080019d4   0x0000000e   Code   RO         2460    i.__scatterload_zeroinit  mc_w.l(handlers.o)
    0x080019e2   0x080019e2   0x00000002   PAD
    0x080019e4   0x080019e4   0x0000000c   Code   RO         2432    i.__set_errno       mc_w.l(errno.o)
    0x080019f0   0x080019f0   0x00000404   Code   RO         2291    i._printf_core      mc_w.l(printf8.o)
    0x08001df4   0x08001df4   0x00000024   Code   RO         2292    i._printf_post_padding  mc_w.l(printf8.o)
    0x08001e18   0x08001e18   0x0000002e   Code   RO         2293    i._printf_pre_padding  mc_w.l(printf8.o)
    0x08001e46   0x08001e46   0x00000002   PAD
    0x08001e48   0x08001e48   0x00000080   Code   RO         1512    i.accel_self_test   inv_mpu.o
    0x08001ec8   0x08001ec8   0x00000270   Code   RO         2049    i.asin              m_ws.l(asin.o)
    0x08002138   0x08002138   0x00000220   Code   RO         2367    i.atan              m_ws.l(atan.o)
    0x08002358   0x08002358   0x0000019c   Code   RO         2059    i.atan2             m_ws.l(atan2.o)
    0x080024f4   0x080024f4   0x0000003a   Code   RO         1862    i.dmp_enable_6x_lp_quat  inv_mpu_dmp_motion_driver.o
    0x0800252e   0x0800252e   0x00000002   PAD
    0x08002530   0x08002530   0x000001d8   Code   RO         1863    i.dmp_enable_feature  inv_mpu_dmp_motion_driver.o
    0x08002708   0x08002708   0x0000003c   Code   RO         1864    i.dmp_enable_gyro_cal  inv_mpu_dmp_motion_driver.o
    0x08002744   0x08002744   0x0000003a   Code   RO         1865    i.dmp_enable_lp_quat  inv_mpu_dmp_motion_driver.o
    0x0800277e   0x0800277e   0x00000002   PAD
    0x08002780   0x08002780   0x00000014   Code   RO         1870    i.dmp_load_motion_driver_firmware  inv_mpu_dmp_motion_driver.o
    0x08002794   0x08002794   0x00000164   Code   RO         1871    i.dmp_read_fifo     inv_mpu_dmp_motion_driver.o
    0x080028f8   0x080028f8   0x000000d8   Code   RO         1874    i.dmp_set_accel_bias  inv_mpu_dmp_motion_driver.o
    0x080029d0   0x080029d0   0x00000064   Code   RO         1875    i.dmp_set_fifo_rate  inv_mpu_dmp_motion_driver.o
    0x08002a34   0x08002a34   0x000000cc   Code   RO         1876    i.dmp_set_gyro_bias  inv_mpu_dmp_motion_driver.o
    0x08002b00   0x08002b00   0x0000010c   Code   RO         1878    i.dmp_set_orientation  inv_mpu_dmp_motion_driver.o
    0x08002c0c   0x08002c0c   0x00000030   Code   RO         1881    i.dmp_set_shake_reject_thresh  inv_mpu_dmp_motion_driver.o
    0x08002c3c   0x08002c3c   0x00000020   Code   RO         1882    i.dmp_set_shake_reject_time  inv_mpu_dmp_motion_driver.o
    0x08002c5c   0x08002c5c   0x00000020   Code   RO         1883    i.dmp_set_shake_reject_timeout  inv_mpu_dmp_motion_driver.o
    0x08002c7c   0x08002c7c   0x00000040   Code   RO         1884    i.dmp_set_tap_axes  inv_mpu_dmp_motion_driver.o
    0x08002cbc   0x08002cbc   0x00000022   Code   RO         1885    i.dmp_set_tap_count  inv_mpu_dmp_motion_driver.o
    0x08002cde   0x08002cde   0x00000002   PAD
    0x08002ce0   0x08002ce0   0x00000128   Code   RO         1886    i.dmp_set_tap_thresh  inv_mpu_dmp_motion_driver.o
    0x08002e08   0x08002e08   0x00000020   Code   RO         1887    i.dmp_set_tap_time  inv_mpu_dmp_motion_driver.o
    0x08002e28   0x08002e28   0x00000020   Code   RO         1888    i.dmp_set_tap_time_multi  inv_mpu_dmp_motion_driver.o
    0x08002e48   0x08002e48   0x00000012   Code   RO         2419    i.fputc             mc_w.l(fputc.o)
    0x08002e5a   0x08002e5a   0x00000002   PAD
    0x08002e5c   0x08002e5c   0x000000ac   Code   RO         1513    i.get_accel_prod_shift  inv_mpu.o
    0x08002f08   0x08002f08   0x00000314   Code   RO         1514    i.get_st_biases     inv_mpu.o
    0x0800321c   0x0800321c   0x000000d4   Code   RO         1515    i.gyro_self_test    inv_mpu.o
    0x080032f0   0x080032f0   0x00000022   Code   RO         1516    i.inv_orientation_matrix_to_scalar  inv_mpu.o
    0x08003312   0x08003312   0x00000048   Code   RO         1517    i.inv_row_2_scale   inv_mpu.o
    0x0800335a   0x0800335a   0x00000002   PAD
    0x0800335c   0x0800335c   0x00000044   Code   RO           15    i.main              main.o
    0x080033a0   0x080033a0   0x00000002   Code   RO         1518    i.mget_ms           inv_mpu.o
    0x080033a2   0x080033a2   0x00000002   PAD
    0x080033a4   0x080033a4   0x00000054   Code   RO         1519    i.mpu_configure_fifo  inv_mpu.o
    0x080033f8   0x080033f8   0x0000019c   Code   RO         1520    i.mpu_dmp_get_data  inv_mpu.o
    0x08003594   0x08003594   0x000000a4   Code   RO         1521    i.mpu_dmp_init      inv_mpu.o
    0x08003638   0x08003638   0x0000003c   Code   RO         1522    i.mpu_get_accel_fsr  inv_mpu.o
    0x08003674   0x08003674   0x00000044   Code   RO         1524    i.mpu_get_accel_sens  inv_mpu.o
    0x080036b8   0x080036b8   0x00000034   Code   RO         1530    i.mpu_get_gyro_fsr  inv_mpu.o
    0x080036ec   0x080036ec   0x00000040   Code   RO         1532    i.mpu_get_gyro_sens  inv_mpu.o
    0x0800372c   0x0800372c   0x00000038   Code   RO         1534    i.mpu_get_lpf       inv_mpu.o
    0x08003764   0x08003764   0x0000001c   Code   RO         1536    i.mpu_get_sample_rate  inv_mpu.o
    0x08003780   0x08003780   0x00000188   Code   RO         1538    i.mpu_init          inv_mpu.o
    0x08003908   0x08003908   0x000000a0   Code   RO         1539    i.mpu_load_firmware  inv_mpu.o
    0x080039a8   0x080039a8   0x000000b8   Code   RO         1540    i.mpu_lp_accel_mode  inv_mpu.o
    0x08003a60   0x08003a60   0x00000090   Code   RO         1543    i.mpu_read_fifo_stream  inv_mpu.o
    0x08003af0   0x08003af0   0x00000054   Code   RO         1544    i.mpu_read_mem      inv_mpu.o
    0x08003b44   0x08003b44   0x00000160   Code   RO         1547    i.mpu_reset_fifo    inv_mpu.o
    0x08003ca4   0x08003ca4   0x000000f0   Code   RO         1548    i.mpu_run_self_test  inv_mpu.o
    0x08003d94   0x08003d94   0x00000068   Code   RO         1550    i.mpu_set_accel_fsr  inv_mpu.o
    0x08003dfc   0x08003dfc   0x000000dc   Code   RO         1551    i.mpu_set_bypass    inv_mpu.o
    0x08003ed8   0x08003ed8   0x00000078   Code   RO         1553    i.mpu_set_dmp_state  inv_mpu.o
    0x08003f50   0x08003f50   0x0000006c   Code   RO         1554    i.mpu_set_gyro_fsr  inv_mpu.o
    0x08003fbc   0x08003fbc   0x00000064   Code   RO         1555    i.mpu_set_int_latched  inv_mpu.o
    0x08004020   0x08004020   0x0000006c   Code   RO         1557    i.mpu_set_lpf       inv_mpu.o
    0x0800408c   0x0800408c   0x00000080   Code   RO         1558    i.mpu_set_sample_rate  inv_mpu.o
    0x0800410c   0x0800410c   0x000000b8   Code   RO         1559    i.mpu_set_sensors   inv_mpu.o
    0x080041c4   0x080041c4   0x00000054   Code   RO         1560    i.mpu_write_mem     inv_mpu.o
    0x08004218   0x08004218   0x00000080   Code   RO         1561    i.run_self_test     inv_mpu.o
    0x08004298   0x08004298   0x00000058   Code   RO         1562    i.set_int_enable    inv_mpu.o
    0x080042f0   0x080042f0   0x0000004c   Code   RO         2396    i.sqrt              m_ws.l(sqrt.o)
    0x0800433c   0x0800433c   0x00000010   Data   RO         1315    .constdata          system_stm32f1xx.o
    0x0800434c   0x0800434c   0x0000001b   Data   RO         1564    .constdata          inv_mpu.o
    0x08004367   0x08004367   0x00000001   PAD
    0x08004368   0x08004368   0x0000000c   Data   RO         1565    .constdata          inv_mpu.o
    0x08004374   0x08004374   0x00000028   Data   RO         1566    .constdata          inv_mpu.o
    0x0800439c   0x0800439c   0x00000bf6   Data   RO         1890    .constdata          inv_mpu_dmp_motion_driver.o
    0x08004f92   0x08004f92   0x00000006   PAD
    0x08004f98   0x08004f98   0x00000050   Data   RO         2050    .constdata          m_ws.l(asin.o)
    0x08004fe8   0x08004fe8   0x00000098   Data   RO         2368    .constdata          m_ws.l(atan.o)
    0x08005080   0x08005080   0x00000008   Data   RO         2394    .constdata          m_ws.l(qnan.o)
    0x08005088   0x08005088   0x0000004d   Data   RO         1567    .conststring        inv_mpu.o
    0x080050d5   0x080050d5   0x00000003   PAD
    0x080050d8   0x080050d8   0x00000020   Data   RO         2456    Region$$Table       anon$$obj.o


    Execution Region RW_IRAM1 (Exec base: 0x20000000, Load base: 0x080050f8, Size: 0x00000460, Max: 0x00010000, ABSOLUTE)

    Exec Addr    Load Addr    Size         Type   Attr      Idx    E Section Name        Object

    0x20000000   0x080050f8   0x0000000c   Data   RW          363    .data               stm32f1xx_hal.o
    0x2000000c   0x08005104   0x00000004   Data   RW         1317    .data               system_stm32f1xx.o
    0x20000010   0x08005108   0x00000035   Data   RW         1568    .data               inv_mpu.o
    0x20000045   0x0800513d   0x00000003   PAD
    0x20000048   0x08005140   0x00000004   Data   RW         2421    .data               mc_w.l(stdout.o)
    0x2000004c   0x08005144   0x00000004   Data   RW         2433    .data               mc_w.l(errno.o)
    0x20000050        -       0x00000010   Zero   RW         1889    .bss                inv_mpu_dmp_motion_driver.o
    0x20000060        -       0x00000400   Zero   RW            1    STACK               startup_stm32f103xe.o


==============================================================================

Image component sizes


      Code (inc. data)   RO Data    RW Data    ZI Data      Debug   Object Name

       116         10          0          0          0        847   gpio.o
      5324        288        156         53          0      29084   inv_mpu.o
      2382        118       3062          0         16      18942   inv_mpu_dmp_motion_driver.o
       146          6          0          0          0     439888   main.o
       540          0          0          0          0       5581   mpu6050.o
       694         38          0          0          0       4790   myiic.o
        36          8        304          0       1024        780   startup_stm32f103xe.o
       164         28          0         12          0       6337   stm32f1xx_hal.o
       172         14          0          0          0      28178   stm32f1xx_hal_cortex.o
       524         42          0          0          0       3447   stm32f1xx_hal_gpio.o
        60          8          0          0          0        826   stm32f1xx_hal_msp.o
      1208         76          0          0          0       3982   stm32f1xx_hal_rcc.o
        20          0          0          0          0       3686   stm32f1xx_it.o
         2          0         16          4          0       1055   system_stm32f1xx.o

    ----------------------------------------------------------------------
     11406        636       3580         72       1040     547423   Object Totals
         0          0         32          0          0          0   (incl. Generated)
        18          0         10          3          0          0   (incl. Padding)

    ----------------------------------------------------------------------

      Code (inc. data)   RO Data    RW Data    ZI Data      Debug   Library Member Name

       624         52         80          0          0        168   asin.o
       544         70        152          0          0        124   atan.o
       412         38          0          0          0        144   atan2.o
        38          6          0          0          0        272   dunder.o
        40          0          0          0          0         68   fpclassify.o
       170          0          0          0          0         96   poly.o
         0          0          8          0          0          0   qnan.o
        76          0          0          0          0         84   sqrt.o
         0          0          0          0          0          0   entry.o
         0          0          0          0          0          0   entry10a.o
         0          0          0          0          0          0   entry11a.o
         4          0          0          0          0          0   entry12b.o
         8          4          0          0          0          0   entry2.o
         4          0          0          0          0          0   entry5.o
         0          0          0          0          0          0   entry7b.o
         0          0          0          0          0          0   entry8b.o
         8          4          0          0          0          0   entry9a.o
        12          6          0          4          0         68   errno.o
        18          0          0          0          0         80   fputc.o
        30          0          0          0          0          0   handlers.o
        36          8          0          0          0         68   init.o
         0          0          0          0          0          0   iusefp.o
         0          0          0          0          0          0   iusesemip.o
        98          0          0          0          0         84   ldiv.o
        30          0          0          0          0         68   llshl.o
        36          0          0          0          0         68   llsshr.o
        32          0          0          0          0         68   llushr.o
        26          0          0          0          0         80   memcmp.o
        36          0          0          0          0        108   memseta.o
      1142         54          0          0          0        352   printf8.o
         0          0          0          0          0          0   semi.o
         0          0          0          4          0          0   stdout.o
        98          0          0          0          0         92   uldiv.o
        48          0          0          0          0         68   cdcmple.o
        56          0          0          0          0         88   d2f.o
       334          0          0          0          0        148   dadd.o
       222          0          0          0          0        100   ddiv.o
       186          0          0          0          0        176   depilogue.o
       228          0          0          0          0         96   dmul.o
        46          0          0          0          0         80   dscalb.o
       162          0          0          0          0        100   dsqrt.o
        38          0          0          0          0         68   f2d.o
       176          0          0          0          0        140   fadd.o
       124          0          0          0          0         88   fdiv.o
       110          0          0          0          0        168   fepilogue.o
        50          0          0          0          0         68   ffixi.o
        40          0          0          0          0         68   ffixui.o
        18          0          0          0          0         68   fflti.o
        10          0          0          0          0         68   ffltui.o
       100          0          0          0          0         76   fmul.o
        24          0          0          0          0         68   fscalb.o

    ----------------------------------------------------------------------
      5502        242        240          8          0       3828   Library Totals
         8          0          0          0          0          0   (incl. Padding)

    ----------------------------------------------------------------------

      Code (inc. data)   RO Data    RW Data    ZI Data      Debug   Library Name

      1904        166        240          0          0        956   m_ws.l
      1618         76          0          8          0       1136   mc_w.l
      1972          0          0          0          0       1736   mf_w.l

    ----------------------------------------------------------------------
      5502        242        240          8          0       3828   Library Totals

    ----------------------------------------------------------------------

==============================================================================


      Code (inc. data)   RO Data    RW Data    ZI Data      Debug   

     16908        878       3820         80       1040     544383   Grand Totals
     16908        878       3820         80       1040     544383   ELF Image Totals
     16908        878       3820         80          0          0   ROM Totals

==============================================================================

    Total RO  Size (Code + RO Data)                20728 (  20.24kB)
    Total RW  Size (RW Data + ZI Data)              1120 (   1.09kB)
    Total ROM Size (Code + RO Data + RW Data)      20808 (  20.32kB)

==============================================================================

